.el-textarea {
  position: relative;
  display: inline-block;
  width: 100%;
  font-size: 14px;
  vertical-align: bottom;
}
.el-textarea__inner {
  -webkit-box-sizing: border-box;
  box-sizing: border-box;
  display: block;
  width: 100%;
  padding: 5px 15px;
  font-size: inherit;
  line-height: 1.5;
  color: #606266;
  resize: vertical;
  background-color: #fff;
  background-image: none;
  border: 1px solid #dcdfe6;
  border-radius: 4px;
  -webkit-transition: border-color 0.2s cubic-bezier(0.645, 0.045, 0.355, 1);
  transition: border-color 0.2s cubic-bezier(0.645, 0.045, 0.355, 1);
}
.el-textarea__inner::-webkit-input-placeholder {
  color: #c0c4cc;
}
.el-textarea__inner::-moz-placeholder {
  color: #c0c4cc;
}
.el-textarea__inner:-ms-input-placeholder {
  color: #c0c4cc;
}
.el-textarea__inner::-ms-input-placeholder {
  color: #c0c4cc;
}
.el-textarea__inner::placeholder {
  color: #c0c4cc;
}
.el-textarea__inner:hover {
  border-color: #c0c4cc;
}
.el-textarea__inner:focus {
  outline: none;
  border-color: #409eff;
}
.el-textarea .el-input__count {
  position: absolute;
  right: 10px;
  bottom: 5px;
  font-size: 12px;
  color: #909399;
  background: #fff;
}
.el-textarea.is-disabled .el-textarea__inner {
  color: #c0c4cc;
  cursor: not-allowed;
  background-color: #f5f7fa;
  border-color: #e4e7ed;
}
.el-textarea.is-disabled .el-textarea__inner::-webkit-input-placeholder {
  color: #c0c4cc;
}
.el-textarea.is-disabled .el-textarea__inner::-moz-placeholder {
  color: #c0c4cc;
}
.el-textarea.is-disabled .el-textarea__inner:-ms-input-placeholder {
  color: #c0c4cc;
}
.el-textarea.is-disabled .el-textarea__inner::-ms-input-placeholder {
  color: #c0c4cc;
}
.el-textarea.is-disabled .el-textarea__inner::placeholder {
  color: #c0c4cc;
}
.el-textarea.is-exceed .el-textarea__inner {
  border-color: #f56c6c;
}
.el-textarea.is-exceed .el-input__count {
  color: #f56c6c;
}
.el-input {
  position: relative;
  display: inline-block;
  width: 100%;
  font-size: 14px;
}
.el-input::-webkit-scrollbar {
  z-index: 11;
  width: 6px;
}
.el-input::-webkit-scrollbar:horizontal {
  height: 6px;
}
.el-input::-webkit-scrollbar-thumb {
  width: 6px;
  background: #b4bccc;
  border-radius: 5px;
}
.el-input::-webkit-scrollbar-corner {
  background: #fff;
}
.el-input::-webkit-scrollbar-track {
  background: #fff;
}
.el-input::-webkit-scrollbar-track-piece {
  width: 6px;
  background: #fff;
}
.el-input .el-input__clear {
  font-size: 14px;
  color: #c0c4cc;
  cursor: pointer;
  -webkit-transition: color 0.2s cubic-bezier(0.645, 0.045, 0.355, 1);
  transition: color 0.2s cubic-bezier(0.645, 0.045, 0.355, 1);
}
.el-input .el-input__clear:hover {
  color: #909399;
}
.el-input .el-input__count {
  display: -webkit-inline-box;
  display: -ms-inline-flexbox;
  display: inline-flex;
  -webkit-box-align: center;
  -ms-flex-align: center;
  align-items: center;
  height: 100%;
  font-size: 12px;
  color: #909399;
}
.el-input .el-input__count .el-input__count-inner {
  display: inline-block;
  padding: 0 5px;
  line-height: initial;
  background: #fff;
}
.el-input__inner {
  -webkit-box-sizing: border-box;
  box-sizing: border-box;
  display: inline-block;
  width: 100%;
  height: 40px;
  padding: 0 15px;
  font-size: inherit;
  line-height: 40px;
  color: #606266;
  -webkit-appearance: none;
  -moz-appearance: none;
  appearance: none;
  outline: none;
  background-color: #fff;
  background-image: none;
  border: 1px solid #dcdfe6;
  border-radius: 4px;
  -webkit-transition: border-color 0.2s cubic-bezier(0.645, 0.045, 0.355, 1);
  transition: border-color 0.2s cubic-bezier(0.645, 0.045, 0.355, 1);
}
.el-input__inner::-ms-reveal {
  display: none;
}
.el-input__inner::-webkit-input-placeholder {
  color: #c0c4cc;
}
.el-input__inner::-moz-placeholder {
  color: #c0c4cc;
}
.el-input__inner:-ms-input-placeholder {
  color: #c0c4cc;
}
.el-input__inner::-ms-input-placeholder {
  color: #c0c4cc;
}
.el-input__inner::placeholder {
  color: #c0c4cc;
}
.el-input__inner:hover {
  border-color: #c0c4cc;
}
.el-input__inner:focus {
  outline: none;
  border-color: #409eff;
}
.el-input__suffix {
  position: absolute;
  top: 0;
  right: 5px;
  height: 100%;
  color: #c0c4cc;
  text-align: center;
  pointer-events: none;
  -webkit-transition: all 0.3s;
  transition: all 0.3s;
}
.el-input__suffix-inner {
  pointer-events: all;
}
.el-input__prefix {
  position: absolute;
  top: 0;
  left: 5px;
  height: 100%;
  color: #c0c4cc;
  text-align: center;
  -webkit-transition: all 0.3s;
  transition: all 0.3s;
}
.el-input__icon {
  width: 25px;
  height: 100%;
  line-height: 40px;
  text-align: center;
  -webkit-transition: all 0.3s;
  transition: all 0.3s;
}
.el-input__icon:after {
  display: inline-block;
  width: 0;
  height: 100%;
  vertical-align: middle;
  content: "";
}
.el-input__validateIcon {
  pointer-events: none;
}
.el-input.is-active .el-input__inner {
  outline: none;
  border-color: #409eff;
}
.el-input.is-disabled .el-input__inner {
  color: #c0c4cc;
  cursor: not-allowed;
  background-color: #f5f7fa;
  border-color: #e4e7ed;
}
.el-input.is-disabled .el-input__inner::-webkit-input-placeholder {
  color: #c0c4cc;
}
.el-input.is-disabled .el-input__inner::-moz-placeholder {
  color: #c0c4cc;
}
.el-input.is-disabled .el-input__inner:-ms-input-placeholder {
  color: #c0c4cc;
}
.el-input.is-disabled .el-input__inner::-ms-input-placeholder {
  color: #c0c4cc;
}
.el-input.is-disabled .el-input__inner::placeholder {
  color: #c0c4cc;
}
.el-input.is-disabled .el-input__icon {
  cursor: not-allowed;
}
.el-input.is-exceed .el-input__inner {
  border-color: #f56c6c;
}
.el-input.is-exceed .el-input__suffix .el-input__count {
  color: #f56c6c;
}
.el-input--suffix .el-input__inner {
  padding-right: 30px;
}
.el-input--prefix .el-input__inner {
  padding-left: 30px;
}
.el-input--medium {
  font-size: 14px;
}
.el-input--medium .el-input__inner {
  height: 36px;
  line-height: 36px;
}
.el-input--medium .el-input__icon {
  line-height: 36px;
}
.el-input--small {
  font-size: 13px;
}
.el-input--small .el-input__inner {
  height: 32px;
  line-height: 32px;
}
.el-input--small .el-input__icon {
  line-height: 32px;
}
.el-input--mini {
  font-size: 12px;
}
.el-input--mini .el-input__inner {
  height: 28px;
  line-height: 28px;
}
.el-input--mini .el-input__icon {
  line-height: 28px;
}
.el-input-group {
  display: inline-table;
  width: 100%;
  line-height: normal;
  border-spacing: 0;
  border-collapse: separate;
}
.el-input-group > .el-input__inner {
  display: table-cell;
  vertical-align: middle;
}
.el-input-group__append,
.el-input-group__prepend {
  position: relative;
  display: table-cell;
  width: 1px;
  padding: 0 20px;
  vertical-align: middle;
  color: #909399;
  white-space: nowrap;
  background-color: #f5f7fa;
  border: 1px solid #dcdfe6;
  border-radius: 4px;
}
.el-input-group__append:focus,
.el-input-group__prepend:focus {
  outline: none;
}
.el-input-group__append .el-select,
.el-input-group__append .el-button,
.el-input-group__prepend .el-select,
.el-input-group__prepend .el-button {
  display: inline-block;
  margin: -10px -20px;
}
.el-input-group__append button.el-button,
.el-input-group__append div.el-select .el-input__inner,
.el-input-group__append div.el-select:hover .el-input__inner,
.el-input-group__prepend button.el-button,
.el-input-group__prepend div.el-select .el-input__inner,
.el-input-group__prepend div.el-select:hover .el-input__inner {
  color: inherit;
  background-color: transparent;
  border-color: transparent;
  border-top: 0;
  border-bottom: 0;
}
.el-input-group__append .el-button,
.el-input-group__append .el-input,
.el-input-group__prepend .el-button,
.el-input-group__prepend .el-input {
  font-size: inherit;
}
.el-input-group__prepend {
  border-right: 0;
  border-top-right-radius: 0;
  border-bottom-right-radius: 0;
}
.el-input-group__append {
  border-left: 0;
  border-top-left-radius: 0;
  border-bottom-left-radius: 0;
}
.el-input-group--prepend .el-input__inner {
  border-top-left-radius: 0;
  border-bottom-left-radius: 0;
}
.el-input-group--prepend .el-select .el-input.is-focus .el-input__inner {
  border-color: transparent;
}
.el-input-group--append .el-input__inner {
  border-top-right-radius: 0;
  border-bottom-right-radius: 0;
}
.el-input-group--append .el-select .el-input.is-focus .el-input__inner {
  border-color: transparent;
}
.el-input__inner::-ms-clear {
  display: none;
  width: 0;
  height: 0;
}
.el-scrollbar {
  position: relative;
  overflow: hidden;
}
.el-scrollbar:hover > .el-scrollbar__bar,
.el-scrollbar:active > .el-scrollbar__bar,
.el-scrollbar:focus > .el-scrollbar__bar {
  opacity: 1;
  -webkit-transition: opacity 0.34s ease-out;
  transition: opacity 0.34s ease-out;
}
.el-scrollbar__wrap {
  height: 100%;
  overflow: scroll;
}
.el-scrollbar__wrap--hidden-default {
  scrollbar-width: none;
}
.el-scrollbar__wrap--hidden-default::-webkit-scrollbar {
  width: 0;
  height: 0;
}
.el-scrollbar__thumb {
  position: relative;
  display: block;
  width: 0;
  height: 0;
  cursor: pointer;
  background-color: #9093994d;
  border-radiu0s: inherit;
  -webkit-transition: 0.3s background-color;
  transition: 0.3s background-color;
}
.el-scrollbar__thumb:hover {
  background-color: #90939980;
}
.el-scrollbar__bar {
  position: absolute;
  right: 2px;
  bottom: 2px;
  z-index: 1;
  border-radius: 4px;
  opacity: 0;
  -webkit-transition: opacity 0.12s ease-out;
  transition: opacity 0.12s ease-out;
}
.el-scrollbar__bar.is-vertical {
  top: 2px;
  width: 6px;
}
.el-scrollbar__bar.is-vertical > div {
  width: 100%;
}
.el-scrollbar__bar.is-horizontal {
  left: 2px;
  height: 6px;
}
.el-scrollbar__bar.is-horizontal > div {
  height: 100%;
}
.el-popper .popper__arrow,
.el-popper .popper__arrow:after {
  position: absolute;
  display: block;
  width: 0;
  height: 0;
  border-color: transparent;
  border-style: solid;
}
.el-popper .popper__arrow {
  border-width: 6px;
  -webkit-filter: drop-shadow(0 2px 12px rgba(0, 0, 0, 0.03));
  filter: drop-shadow(0 2px 12px rgba(0, 0, 0, 0.03));
}
.el-popper .popper__arrow:after {
  content: " ";
  border-width: 6px;
}
.el-popper[x-placement^="top"] {
  margin-bottom: 12px;
}
.el-popper[x-placement^="top"] .popper__arrow {
  bottom: -6px;
  left: 50%;
  margin-right: 3px;
  border-top-color: #ebeef5;
  border-bottom-width: 0;
}
.el-popper[x-placement^="top"] .popper__arrow:after {
  bottom: 1px;
  margin-left: -6px;
  border-top-color: #fff;
  border-bottom-width: 0;
}
.el-popper[x-placement^="bottom"] {
  margin-top: 12px;
}
.el-popper[x-placement^="bottom"] .popper__arrow {
  top: -6px;
  left: 50%;
  margin-right: 3px;
  border-top-width: 0;
  border-bottom-color: #ebeef5;
}
.el-popper[x-placement^="bottom"] .popper__arrow:after {
  top: 1px;
  margin-left: -6px;
  border-top-width: 0;
  border-bottom-color: #fff;
}
.el-popper[x-placement^="right"] {
  margin-left: 12px;
}
.el-popper[x-placement^="right"] .popper__arrow {
  top: 50%;
  left: -6px;
  margin-bottom: 3px;
  border-right-color: #ebeef5;
  border-left-width: 0;
}
.el-popper[x-placement^="right"] .popper__arrow:after {
  bottom: -6px;
  left: 1px;
  border-right-color: #fff;
  border-left-width: 0;
}
.el-popper[x-placement^="left"] {
  margin-right: 12px;
}
.el-popper[x-placement^="left"] .popper__arrow {
  top: 50%;
  right: -6px;
  margin-bottom: 3px;
  border-right-width: 0;
  border-left-color: #ebeef5;
}
.el-popper[x-placement^="left"] .popper__arrow:after {
  right: 1px;
  bottom: -6px;
  margin-left: -6px;
  border-right-width: 0;
  border-left-color: #fff;
}
.el-autocomplete {
  position: relative;
  display: inline-block;
}
.el-autocomplete-suggestion {
  -webkit-box-sizing: border-box;
  box-sizing: border-box;
  margin: 5px 0;
  background-color: #fff;
  border: 1px solid #e4e7ed;
  border-radius: 4px;
  -webkit-box-shadow: 0 2px 12px 0 rgba(0, 0, 0, 0.1);
  box-shadow: 0 2px 12px #0000001a;
}
.el-autocomplete-suggestion .el-scrollbar {
  overflow: hidden;
}
.el-autocomplete-suggestion__wrap {
  -webkit-box-sizing: border-box;
  box-sizing: border-box;
  max-height: 280px;
  padding: 10px 0;
}
.el-autocomplete-suggestion__list {
  padding: 0;
  margin: 0;
}
.el-autocomplete-suggestion li {
  padding: 0 20px;
  margin: 0;
  overflow: hidden;
  text-overflow: ellipsis;
  font-size: 14px;
  line-height: 34px;
  color: #606266;
  white-space: nowrap;
  cursor: pointer;
  list-style: none;
}
.el-autocomplete-suggestion li:hover,
.el-autocomplete-suggestion li.highlighted {
  background-color: #f5f7fa;
}
.el-autocomplete-suggestion li.divider {
  margin-top: 6px;
  border-top: 1px solid #000;
}
.el-autocomplete-suggestion li.divider:last-child {
  margin-bottom: -6px;
}
.el-autocomplete-suggestion.is-loading li {
  height: 100px;
  font-size: 20px;
  line-height: 100px;
  color: #999;
  text-align: center;
}
.el-autocomplete-suggestion.is-loading li:after {
  display: inline-block;
  height: 100%;
  vertical-align: middle;
  content: "";
}
.el-autocomplete-suggestion.is-loading li:hover {
  background-color: #fff;
}
.el-autocomplete-suggestion.is-loading .el-icon-loading {
  vertical-align: middle;
}
