.el-button {
  -webkit-box-sizing: border-box;
  box-sizing: border-box;
  display: inline-block;
  margin: 0;
  font-weight: 500;
  line-height: 1;
  color: #606266;
  text-align: center;
  white-space: nowrap;
  -webkit-appearance: none;
  -moz-appearance: none;
  appearance: none;
  cursor: pointer;
  outline: none;
  background: #fff;
  border: 1px solid #dcdfe6;
  border-color: #dcdfe6;
  -webkit-transition: 0.1s;
  transition: 0.1s;
  -webkit-user-select: none;
  -moz-user-select: none;
  -ms-user-select: none;
  user-select: none;
}
.el-button + .el-button {
  margin-left: 10px;
}
.el-button {
  padding: 12px 20px;
  font-size: 14px;
  border-radius: 4px;
}
.el-button.is-round {
  padding: 12px 20px;
}
.el-button:hover,
.el-button:focus {
  color: #409eff;
  background-color: #ecf5ff;
  border-color: #c6e2ff;
}
.el-button:active {
  color: #3a8ee6;
  outline: none;
  border-color: #3a8ee6;
}
.el-button::-moz-focus-inner {
  border: 0;
}
.el-button [class*="el-icon-"] + span {
  margin-left: 5px;
}
.el-button.is-plain:hover,
.el-button.is-plain:focus {
  color: #409eff;
  background: #fff;
  border-color: #409eff;
}
.el-button.is-plain:active {
  color: #3a8ee6;
  outline: none;
  background: #fff;
  border-color: #3a8ee6;
}
.el-button.is-active {
  color: #3a8ee6;
  border-color: #3a8ee6;
}
.el-button.is-disabled,
.el-button.is-disabled:hover,
.el-button.is-disabled:focus {
  color: #c0c4cc;
  cursor: not-allowed;
  background-color: #fff;
  background-image: none;
  border-color: #ebeef5;
}
.el-button.is-disabled.el-button--text {
  background-color: transparent;
}
.el-button.is-disabled.is-plain,
.el-button.is-disabled.is-plain:hover,
.el-button.is-disabled.is-plain:focus {
  color: #c0c4cc;
  background-color: #fff;
  border-color: #ebeef5;
}
.el-button.is-loading {
  position: relative;
  pointer-events: none;
}
.el-button.is-loading:before {
  position: absolute;
  inset: -1px;
  pointer-events: none;
  content: "";
  background-color: #ffffff59;
  border-radius: inherit;
}
.el-button.is-round {
  padding: 12px 23px;
  border-radius: 20px;
}
.el-button.is-circle {
  padding: 12px;
  border-radius: 50%;
}
.el-button--primary {
  color: #fff;
  background-color: #409eff;
  border-color: #409eff;
}
.el-button--primary:hover,
.el-button--primary:focus {
  color: #fff;
  background: #66b1ff;
  border-color: #66b1ff;
}
.el-button--primary:active {
  color: #fff;
  outline: none;
  background: #3a8ee6;
  border-color: #3a8ee6;
}
.el-button--primary.is-active {
  color: #fff;
  background: #3a8ee6;
  border-color: #3a8ee6;
}
.el-button--primary.is-disabled,
.el-button--primary.is-disabled:hover,
.el-button--primary.is-disabled:focus,
.el-button--primary.is-disabled:active {
  color: #fff;
  background-color: #a0cfff;
  border-color: #a0cfff;
}
.el-button--primary.is-plain {
  color: #409eff;
  background: #ecf5ff;
  border-color: #b3d8ff;
}
.el-button--primary.is-plain:hover,
.el-button--primary.is-plain:focus {
  color: #fff;
  background: #409eff;
  border-color: #409eff;
}
.el-button--primary.is-plain:active {
  color: #fff;
  outline: none;
  background: #3a8ee6;
  border-color: #3a8ee6;
}
.el-button--primary.is-plain.is-disabled,
.el-button--primary.is-plain.is-disabled:hover,
.el-button--primary.is-plain.is-disabled:focus,
.el-button--primary.is-plain.is-disabled:active {
  color: #8cc5ff;
  background-color: #ecf5ff;
  border-color: #d9ecff;
}
.el-button--success {
  color: #fff;
  background-color: #67c23a;
  border-color: #67c23a;
}
.el-button--success:hover,
.el-button--success:focus {
  color: #fff;
  background: #85ce61;
  border-color: #85ce61;
}
.el-button--success:active {
  color: #fff;
  outline: none;
  background: #5daf34;
  border-color: #5daf34;
}
.el-button--success.is-active {
  color: #fff;
  background: #5daf34;
  border-color: #5daf34;
}
.el-button--success.is-disabled,
.el-button--success.is-disabled:hover,
.el-button--success.is-disabled:focus,
.el-button--success.is-disabled:active {
  color: #fff;
  background-color: #b3e19d;
  border-color: #b3e19d;
}
.el-button--success.is-plain {
  color: #67c23a;
  background: #f0f9eb;
  border-color: #c2e7b0;
}
.el-button--success.is-plain:hover,
.el-button--success.is-plain:focus {
  color: #fff;
  background: #67c23a;
  border-color: #67c23a;
}
.el-button--success.is-plain:active {
  color: #fff;
  outline: none;
  background: #5daf34;
  border-color: #5daf34;
}
.el-button--success.is-plain.is-disabled,
.el-button--success.is-plain.is-disabled:hover,
.el-button--success.is-plain.is-disabled:focus,
.el-button--success.is-plain.is-disabled:active {
  color: #a4da89;
  background-color: #f0f9eb;
  border-color: #e1f3d8;
}
.el-button--warning {
  color: #fff;
  background-color: #e6a23c;
  border-color: #e6a23c;
}
.el-button--warning:hover,
.el-button--warning:focus {
  color: #fff;
  background: #ebb563;
  border-color: #ebb563;
}
.el-button--warning:active {
  color: #fff;
  outline: none;
  background: #cf9236;
  border-color: #cf9236;
}
.el-button--warning.is-active {
  color: #fff;
  background: #cf9236;
  border-color: #cf9236;
}
.el-button--warning.is-disabled,
.el-button--warning.is-disabled:hover,
.el-button--warning.is-disabled:focus,
.el-button--warning.is-disabled:active {
  color: #fff;
  background-color: #f3d19e;
  border-color: #f3d19e;
}
.el-button--warning.is-plain {
  color: #e6a23c;
  background: #fdf6ec;
  border-color: #f5dab1;
}
.el-button--warning.is-plain:hover,
.el-button--warning.is-plain:focus {
  color: #fff;
  background: #e6a23c;
  border-color: #e6a23c;
}
.el-button--warning.is-plain:active {
  color: #fff;
  outline: none;
  background: #cf9236;
  border-color: #cf9236;
}
.el-button--warning.is-plain.is-disabled,
.el-button--warning.is-plain.is-disabled:hover,
.el-button--warning.is-plain.is-disabled:focus,
.el-button--warning.is-plain.is-disabled:active {
  color: #f0c78a;
  background-color: #fdf6ec;
  border-color: #faecd8;
}
.el-button--danger {
  color: #fff;
  background-color: #f56c6c;
  border-color: #f56c6c;
}
.el-button--danger:hover,
.el-button--danger:focus {
  color: #fff;
  background: #f78989;
  border-color: #f78989;
}
.el-button--danger:active {
  color: #fff;
  outline: none;
  background: #dd6161;
  border-color: #dd6161;
}
.el-button--danger.is-active {
  color: #fff;
  background: #dd6161;
  border-color: #dd6161;
}
.el-button--danger.is-disabled,
.el-button--danger.is-disabled:hover,
.el-button--danger.is-disabled:focus,
.el-button--danger.is-disabled:active {
  color: #fff;
  background-color: #fab6b6;
  border-color: #fab6b6;
}
.el-button--danger.is-plain {
  color: #f56c6c;
  background: #fef0f0;
  border-color: #fbc4c4;
}
.el-button--danger.is-plain:hover,
.el-button--danger.is-plain:focus {
  color: #fff;
  background: #f56c6c;
  border-color: #f56c6c;
}
.el-button--danger.is-plain:active {
  color: #fff;
  outline: none;
  background: #dd6161;
  border-color: #dd6161;
}
.el-button--danger.is-plain.is-disabled,
.el-button--danger.is-plain.is-disabled:hover,
.el-button--danger.is-plain.is-disabled:focus,
.el-button--danger.is-plain.is-disabled:active {
  color: #f9a7a7;
  background-color: #fef0f0;
  border-color: #fde2e2;
}
.el-button--info {
  color: #fff;
  background-color: #909399;
  border-color: #909399;
}
.el-button--info:hover,
.el-button--info:focus {
  color: #fff;
  background: #a6a9ad;
  border-color: #a6a9ad;
}
.el-button--info:active {
  color: #fff;
  outline: none;
  background: #82848a;
  border-color: #82848a;
}
.el-button--info.is-active {
  color: #fff;
  background: #82848a;
  border-color: #82848a;
}
.el-button--info.is-disabled,
.el-button--info.is-disabled:hover,
.el-button--info.is-disabled:focus,
.el-button--info.is-disabled:active {
  color: #fff;
  background-color: #c8c9cc;
  border-color: #c8c9cc;
}
.el-button--info.is-plain {
  color: #909399;
  background: #f4f4f5;
  border-color: #d3d4d6;
}
.el-button--info.is-plain:hover,
.el-button--info.is-plain:focus {
  color: #fff;
  background: #909399;
  border-color: #909399;
}
.el-button--info.is-plain:active {
  color: #fff;
  outline: none;
  background: #82848a;
  border-color: #82848a;
}
.el-button--info.is-plain.is-disabled,
.el-button--info.is-plain.is-disabled:hover,
.el-button--info.is-plain.is-disabled:focus,
.el-button--info.is-plain.is-disabled:active {
  color: #bcbec2;
  background-color: #f4f4f5;
  border-color: #e9e9eb;
}
.el-button--medium {
  padding: 10px 20px;
  font-size: 14px;
  border-radius: 4px;
}
.el-button--medium.is-round {
  padding: 10px 20px;
}
.el-button--medium.is-circle {
  padding: 10px;
}
.el-button--small {
  padding: 9px 15px;
  font-size: 12px;
  border-radius: 3px;
}
.el-button--small.is-round {
  padding: 9px 15px;
}
.el-button--small.is-circle {
  padding: 9px;
}
.el-button--mini {
  padding: 7px 15px;
  font-size: 12px;
  border-radius: 3px;
}
.el-button--mini.is-round {
  padding: 7px 15px;
}
.el-button--mini.is-circle {
  padding: 7px;
}
.el-button--text {
  padding-right: 0;
  padding-left: 0;
  color: #409eff;
  background: transparent;
  border-color: transparent;
}
.el-button--text:hover,
.el-button--text:focus {
  color: #66b1ff;
  background-color: transparent;
  border-color: transparent;
}
.el-button--text:active {
  color: #3a8ee6;
  background-color: transparent;
  border-color: transparent;
}
.el-button--text.is-disabled,
.el-button--text.is-disabled:hover,
.el-button--text.is-disabled:focus {
  border-color: transparent;
}
.el-button-group:before,
.el-button-group:after {
  display: table;
  content: "";
}
.el-button-group:after {
  clear: both;
}
.el-button-group {
  display: inline-block;
  vertical-align: middle;
}
.el-button-group > .el-button {
  position: relative;
  float: left;
}
.el-button-group > .el-button + .el-button {
  margin-left: 0;
}
.el-button-group > .el-button.is-disabled {
  z-index: 1;
}
.el-button-group > .el-button:first-child {
  border-top-right-radius: 0;
  border-bottom-right-radius: 0;
}
.el-button-group > .el-button:last-child {
  border-top-left-radius: 0;
  border-bottom-left-radius: 0;
}
.el-button-group > .el-button:first-child:last-child {
  border-radius: 4px;
}
.el-button-group > .el-button:first-child:last-child.is-round {
  border-radius: 20px;
}
.el-button-group > .el-button:first-child:last-child.is-circle {
  border-radius: 50%;
}
.el-button-group > .el-button:not(:first-child, :last-child) {
  border-radius: 0;
}
.el-button-group > .el-button:not(:last-child) {
  margin-right: -1px;
}
.el-button-group > .el-button:not(.is-disabled):hover,
.el-button-group > .el-button:not(.is-disabled):focus,
.el-button-group > .el-button:not(.is-disabled):active {
  z-index: 1;
}
.el-button-group > .el-button.is-active {
  z-index: 1;
}
.el-button-group > .el-dropdown > .el-button {
  border-left-color: #ffffff80;
  border-top-left-radius: 0;
  border-bottom-left-radius: 0;
}
.el-button-group .el-button--primary:first-child {
  border-right-color: #ffffff80;
}
.el-button-group .el-button--primary:last-child {
  border-left-color: #ffffff80;
}
.el-button-group .el-button--primary:not(:first-child, :last-child) {
  border-right-color: #ffffff80;
  border-left-color: #ffffff80;
}
.el-button-group .el-button--success:first-child {
  border-right-color: #ffffff80;
}
.el-button-group .el-button--success:last-child {
  border-left-color: #ffffff80;
}
.el-button-group .el-button--success:not(:first-child, :last-child) {
  border-right-color: #ffffff80;
  border-left-color: #ffffff80;
}
.el-button-group .el-button--warning:first-child {
  border-right-color: #ffffff80;
}
.el-button-group .el-button--warning:last-child {
  border-left-color: #ffffff80;
}
.el-button-group .el-button--warning:not(:first-child, :last-child) {
  border-right-color: #ffffff80;
  border-left-color: #ffffff80;
}
.el-button-group .el-button--danger:first-child {
  border-right-color: #ffffff80;
}
.el-button-group .el-button--danger:last-child {
  border-left-color: #ffffff80;
}
.el-button-group .el-button--danger:not(:first-child, :last-child) {
  border-right-color: #ffffff80;
  border-left-color: #ffffff80;
}
.el-button-group .el-button--info:first-child {
  border-right-color: #ffffff80;
}
.el-button-group .el-button--info:last-child {
  border-left-color: #ffffff80;
}
.el-button-group .el-button--info:not(:first-child, :last-child) {
  border-right-color: #ffffff80;
  border-left-color: #ffffff80;
}
.el-calendar {
  background-color: #fff;
}
.el-calendar__header {
  display: -webkit-box;
  display: -ms-flexbox;
  display: flex;
  -webkit-box-pack: justify;
  -ms-flex-pack: justify;
  justify-content: space-between;
  padding: 12px 20px;
  border-bottom: 1px solid #ebeef5;
}
.el-calendar__title {
  -ms-flex-item-align: center;
  align-self: center;
  color: #000;
}
.el-calendar__body {
  padding: 12px 20px 35px;
}
.el-calendar-table {
  width: 100%;
  table-layout: fixed;
}
.el-calendar-table thead th {
  padding: 12px 0;
  font-weight: 400;
  color: #606266;
}
.el-calendar-table:not(.is-range) td.prev,
.el-calendar-table:not(.is-range) td.next {
  color: #c0c4cc;
}
.el-calendar-table td {
  vertical-align: top;
  border-right: 1px solid #ebeef5;
  border-bottom: 1px solid #ebeef5;
  -webkit-transition: background-color 0.2s ease;
  transition: background-color 0.2s ease;
}
.el-calendar-table td.is-selected {
  background-color: #f2f8fe;
}
.el-calendar-table td.is-today {
  color: #409eff;
}
.el-calendar-table tr:first-child td {
  border-top: 1px solid #ebeef5;
}
.el-calendar-table tr td:first-child {
  border-left: 1px solid #ebeef5;
}
.el-calendar-table tr.el-calendar-table__row--hide-border td {
  border-top: none;
}
.el-calendar-table .el-calendar-day {
  -webkit-box-sizing: border-box;
  box-sizing: border-box;
  height: 85px;
  padding: 8px;
}
.el-calendar-table .el-calendar-day:hover {
  cursor: pointer;
  background-color: #f2f8fe;
}
