.el-color-predefine {
  display: -webkit-box;
  display: -ms-flexbox;
  display: flex;
  width: 280px;
  margin-top: 8px;
  font-size: 12px;
}
.el-color-predefine__colors {
  display: -webkit-box;
  display: -ms-flexbox;
  display: flex;
  -webkit-box-flex: 1;
  -ms-flex: 1;
  flex: 1;
  -ms-flex-wrap: wrap;
  flex-wrap: wrap;
}
.el-color-predefine__color-selector {
  width: 20px;
  height: 20px;
  margin: 0 0 8px 8px;
  cursor: pointer;
  border-radius: 4px;
}
.el-color-predefine__color-selector:nth-child(10n + 1) {
  margin-left: 0;
}
.el-color-predefine__color-selector.selected {
  -webkit-box-shadow: 0 0 3px 2px #409eff;
  box-shadow: 0 0 3px 2px #409eff;
}
.el-color-predefine__color-selector > div {
  display: -webkit-box;
  display: -ms-flexbox;
  display: flex;
  height: 100%;
  border-radius: 3px;
}
.el-color-predefine__color-selector.is-alpha {
  background-image: url(data:image/png;base64,iVBORw0KGgoAAAANSUhEUgAAAAwAAAAMCAIAAADZF8uwAAAAGUlEQVQYV2M4gwH+YwCGIasIUwhT25BVBADtzYNYrHvv4gAAAABJRU5ErkJggg==);
}
.el-color-hue-slider {
  position: relative;
  -webkit-box-sizing: border-box;
  box-sizing: border-box;
  width: 280px;
  height: 12px;
  padding: 0 2px;
  background-color: red;
}
.el-color-hue-slider__bar {
  position: relative;
  height: 100%;
  background: -webkit-gradient(
    linear,
    left top,
    right top,
    from(#f00),
    color-stop(17%, #ff0),
    color-stop(33%, #0f0),
    color-stop(50%, #0ff),
    color-stop(67%, #00f),
    color-stop(83%, #f0f),
    to(#f00)
  );
  background: linear-gradient(
    to right,
    red,
    #ff0 17%,
    #0f0 33%,
    #0ff,
    #00f 67%,
    #f0f 83%,
    red
  );
}
.el-color-hue-slider__thumb {
  position: absolute;
  top: 0;
  left: 0;
  z-index: 1;
  -webkit-box-sizing: border-box;
  box-sizing: border-box;
  width: 4px;
  height: 100%;
  cursor: pointer;
  background: #fff;
  border: 1px solid #f0f0f0;
  border-radius: 1px;
  -webkit-box-shadow: 0 0 2px rgba(0, 0, 0, 0.6);
  box-shadow: 0 0 2px #0009;
}
.el-color-hue-slider.is-vertical {
  width: 12px;
  height: 180px;
  padding: 2px 0;
}
.el-color-hue-slider.is-vertical .el-color-hue-slider__bar {
  background: -webkit-gradient(
    linear,
    left top,
    left bottom,
    from(#f00),
    color-stop(17%, #ff0),
    color-stop(33%, #0f0),
    color-stop(50%, #0ff),
    color-stop(67%, #00f),
    color-stop(83%, #f0f),
    to(#f00)
  );
  background: linear-gradient(
    to bottom,
    red,
    #ff0 17%,
    #0f0 33%,
    #0ff,
    #00f 67%,
    #f0f 83%,
    red
  );
}
.el-color-hue-slider.is-vertical .el-color-hue-slider__thumb {
  top: 0;
  left: 0;
  width: 100%;
  height: 4px;
}
.el-color-svpanel {
  position: relative;
  width: 280px;
  height: 180px;
}
.el-color-svpanel__white,
.el-color-svpanel__black {
  position: absolute;
  inset: 0;
}
.el-color-svpanel__white {
  background: -webkit-gradient(
    linear,
    left top,
    right top,
    from(#fff),
    to(rgba(255, 255, 255, 0))
  );
  background: linear-gradient(to right, #fff, #fff0);
}
.el-color-svpanel__black {
  background: -webkit-gradient(
    linear,
    left bottom,
    left top,
    from(#000),
    to(rgba(0, 0, 0, 0))
  );
  background: linear-gradient(to top, #000, #0000);
}
.el-color-svpanel__cursor {
  position: absolute;
}
.el-color-svpanel__cursor > div {
  width: 4px;
  height: 4px;
  cursor: head;
  border-radius: 50%;
  -webkit-box-shadow:
    0 0 0 1.5px #fff,
    inset 0 0 1px 1px rgba(0, 0, 0, 0.3),
    0 0 1px 2px rgba(0, 0, 0, 0.4);
  box-shadow:
    0 0 0 1.5px #fff,
    inset 0 0 1px 1px #0000004d,
    0 0 1px 2px #0006;
  -webkit-transform: translate(-2px, -2px);
  transform: translate(-2px, -2px);
}
.el-color-alpha-slider {
  position: relative;
  -webkit-box-sizing: border-box;
  box-sizing: border-box;
  width: 280px;
  height: 12px;
  background: url(data:image/png;base64,iVBORw0KGgoAAAANSUhEUgAAAAwAAAAMCAIAAADZF8uwAAAAGUlEQVQYV2M4gwH+YwCGIasIUwhT25BVBADtzYNYrHvv4gAAAABJRU5ErkJggg==);
}
.el-color-alpha-slider__bar {
  position: relative;
  height: 100%;
  background: -webkit-gradient(
    linear,
    left top,
    right top,
    from(rgba(255, 255, 255, 0)),
    to(rgb(255, 255, 255))
  );
  background: linear-gradient(to right, #fff0, #fff);
}
.el-color-alpha-slider__thumb {
  position: absolute;
  top: 0;
  left: 0;
  z-index: 1;
  -webkit-box-sizing: border-box;
  box-sizing: border-box;
  width: 4px;
  height: 100%;
  cursor: pointer;
  background: #fff;
  border: 1px solid #f0f0f0;
  border-radius: 1px;
  -webkit-box-shadow: 0 0 2px rgba(0, 0, 0, 0.6);
  box-shadow: 0 0 2px #0009;
}
.el-color-alpha-slider.is-vertical {
  width: 20px;
  height: 180px;
}
.el-color-alpha-slider.is-vertical .el-color-alpha-slider__bar {
  background: -webkit-gradient(
    linear,
    left top,
    left bottom,
    from(rgba(255, 255, 255, 0)),
    to(rgb(255, 255, 255))
  );
  background: linear-gradient(to bottom, #fff0, #fff);
}
.el-color-alpha-slider.is-vertical .el-color-alpha-slider__thumb {
  top: 0;
  left: 0;
  width: 100%;
  height: 4px;
}
.el-color-dropdown {
  width: 300px;
}
.el-color-dropdown__main-wrapper {
  margin-bottom: 6px;
}
.el-color-dropdown__main-wrapper:after {
  clear: both;
  display: table;
  content: "";
}
.el-color-dropdown__btns {
  margin-top: 6px;
  text-align: right;
}
.el-color-dropdown__value {
  float: left;
  width: 160px;
  font-size: 12px;
  line-height: 26px;
  color: #000;
}
.el-color-dropdown__btn {
  padding: 0 20px;
  font-size: 12px;
  line-height: 24px;
  color: #333;
  cursor: pointer;
  outline: none;
  background-color: transparent;
  border: 1px solid #dcdcdc;
  border-radius: 2px;
}
.el-color-dropdown__btn[disabled] {
  color: #ccc;
  cursor: not-allowed;
}
.el-color-dropdown__btn:hover {
  color: #409eff;
  border-color: #409eff;
}
.el-color-dropdown__link-btn {
  padding: 15px;
  font-size: 12px;
  color: #409eff;
  text-decoration: none;
  cursor: pointer;
}
.el-color-dropdown__link-btn:hover {
  color: tint(#409eff, 20%);
}
.el-color-picker {
  position: relative;
  display: inline-block;
  height: 40px;
  line-height: normal;
}
.el-color-picker.is-disabled .el-color-picker__trigger {
  cursor: not-allowed;
}
.el-color-picker--medium {
  height: 36px;
}
.el-color-picker--medium .el-color-picker__trigger {
  width: 36px;
  height: 36px;
}
.el-color-picker--medium .el-color-picker__mask {
  width: 34px;
  height: 34px;
}
.el-color-picker--small {
  height: 32px;
}
.el-color-picker--small .el-color-picker__trigger {
  width: 32px;
  height: 32px;
}
.el-color-picker--small .el-color-picker__mask {
  width: 30px;
  height: 30px;
}
.el-color-picker--small .el-color-picker__icon,
.el-color-picker--small .el-color-picker__empty {
  -webkit-transform: translate3d(-50%, -50%, 0) scale(0.8);
  transform: translate3d(-50%, -50%, 0) scale(0.8);
}
.el-color-picker--mini {
  height: 28px;
}
.el-color-picker--mini .el-color-picker__trigger {
  width: 28px;
  height: 28px;
}
.el-color-picker--mini .el-color-picker__mask {
  width: 26px;
  height: 26px;
}
.el-color-picker--mini .el-color-picker__icon,
.el-color-picker--mini .el-color-picker__empty {
  -webkit-transform: translate3d(-50%, -50%, 0) scale(0.8);
  transform: translate3d(-50%, -50%, 0) scale(0.8);
}
.el-color-picker__mask {
  position: absolute;
  top: 1px;
  left: 1px;
  z-index: 1;
  width: 38px;
  height: 38px;
  cursor: not-allowed;
  background-color: #ffffffb3;
  border-radius: 4px;
}
.el-color-picker__trigger {
  position: relative;
  -webkit-box-sizing: border-box;
  box-sizing: border-box;
  display: inline-block;
  width: 40px;
  height: 40px;
  padding: 4px;
  font-size: 0;
  cursor: pointer;
  border: 1px solid #e6e6e6;
  border-radius: 4px;
}
.el-color-picker__color {
  position: relative;
  -webkit-box-sizing: border-box;
  box-sizing: border-box;
  display: block;
  width: 100%;
  height: 100%;
  text-align: center;
  border: 1px solid #999;
  border-radius: 2px;
}
.el-color-picker__color.is-alpha {
  background-image: url(data:image/png;base64,iVBORw0KGgoAAAANSUhEUgAAAAwAAAAMCAIAAADZF8uwAAAAGUlEQVQYV2M4gwH+YwCGIasIUwhT25BVBADtzYNYrHvv4gAAAABJRU5ErkJggg==);
}
.el-color-picker__color-inner {
  position: absolute;
  inset: 0;
}
.el-color-picker__empty {
  position: absolute;
  top: 50%;
  left: 50%;
  font-size: 12px;
  color: #999;
  -webkit-transform: translate3d(-50%, -50%, 0);
  transform: translate3d(-50%, -50%, 0);
}
.el-color-picker__icon {
  position: absolute;
  top: 50%;
  left: 50%;
  display: inline-block;
  width: 100%;
  font-size: 12px;
  color: #fff;
  text-align: center;
  -webkit-transform: translate3d(-50%, -50%, 0);
  transform: translate3d(-50%, -50%, 0);
}
.el-color-picker__panel {
  position: absolute;
  z-index: 10;
  -webkit-box-sizing: content-box;
  box-sizing: content-box;
  padding: 6px;
  background-color: #fff;
  border: 1px solid #ebeef5;
  border-radius: 4px;
  -webkit-box-shadow: 0 2px 12px 0 rgba(0, 0, 0, 0.1);
  box-shadow: 0 2px 12px #0000001a;
}
