.el-footer {
  -webkit-box-sizing: border-box;
  box-sizing: border-box;
  -ms-flex-negative: 0;
  flex-shrink: 0;
  padding: 0 20px;
}
