.el-form--label-left .el-form-item__label {
  text-align: left;
}
.el-form--label-top .el-form-item__label {
  float: none;
  display: inline-block;
  padding: 0 0 10px;
  text-align: left;
}
.el-form--inline .el-form-item {
  display: inline-block;
  margin-right: 10px;
  vertical-align: top;
}
.el-form--inline .el-form-item__label {
  float: none;
  display: inline-block;
}
.el-form--inline .el-form-item__content {
  display: inline-block;
  vertical-align: top;
}
.el-form--inline.el-form--label-top .el-form-item__content {
  display: block;
}
.el-form-item {
  margin-bottom: 22px;
}
.el-form-item:before,
.el-form-item:after {
  display: table;
  content: "";
}
.el-form-item:after {
  clear: both;
}
.el-form-item .el-form-item {
  margin-bottom: 0;
}
.el-form-item .el-input__validateIcon {
  display: none;
}
.el-form-item--medium .el-form-item__label,
.el-form-item--medium .el-form-item__content {
  line-height: 36px;
}
.el-form-item--small .el-form-item__label,
.el-form-item--small .el-form-item__content {
  line-height: 32px;
}
.el-form-item--small.el-form-item {
  margin-bottom: 18px;
}
.el-form-item--small .el-form-item__error {
  padding-top: 2px;
}
.el-form-item--mini .el-form-item__label,
.el-form-item--mini .el-form-item__content {
  line-height: 28px;
}
.el-form-item--mini.el-form-item {
  margin-bottom: 18px;
}
.el-form-item--mini .el-form-item__error {
  padding-top: 1px;
}
.el-form-item__label-wrap {
  float: left;
}
.el-form-item__label-wrap .el-form-item__label {
  float: none;
  display: inline-block;
}
.el-form-item__label {
  float: left;
  -webkit-box-sizing: border-box;
  box-sizing: border-box;
  padding: 0 12px 0 0;
  font-size: 14px;
  line-height: 40px;
  vertical-align: middle;
  color: #606266;
  text-align: right;
}
.el-form-item__content {
  position: relative;
  font-size: 14px;
  line-height: 40px;
}
.el-form-item__content:before,
.el-form-item__content:after {
  display: table;
  content: "";
}
.el-form-item__content:after {
  clear: both;
}
.el-form-item__content .el-input-group {
  vertical-align: top;
}
.el-form-item__error {
  position: absolute;
  top: 100%;
  left: 0;
  padding-top: 4px;
  font-size: 12px;
  line-height: 1;
  color: #f56c6c;
}
.el-form-item__error--inline {
  position: relative;
  top: auto;
  left: auto;
  display: inline-block;
  margin-left: 10px;
}
.el-form-item.is-required:not(.is-no-asterisk) > .el-form-item__label:before,
.el-form-item.is-required:not(.is-no-asterisk)
  .el-form-item__label-wrap
  > .el-form-item__label:before {
  margin-right: 4px;
  color: #f56c6c;
  content: "*";
}
.el-form-item.is-error .el-input__inner,
.el-form-item.is-error .el-input__inner:focus,
.el-form-item.is-error .el-textarea__inner,
.el-form-item.is-error .el-textarea__inner:focus {
  border-color: #f56c6c;
}
.el-form-item.is-error .el-input-group__append .el-input__inner,
.el-form-item.is-error .el-input-group__prepend .el-input__inner {
  border-color: transparent;
}
.el-form-item.is-error .el-input__validateIcon {
  color: #f56c6c;
}
.el-form-item--feedback .el-input__validateIcon {
  display: inline-block;
}
