.el-image__error,
.el-image__placeholder,
.el-image__inner {
  width: 100%;
  height: 100%;
}
.el-image {
  position: relative;
  display: inline-block;
  overflow: hidden;
}
.el-image__inner {
  vertical-align: top;
}
.el-image__inner--center {
  position: relative;
  top: 50%;
  left: 50%;
  display: block;
  -webkit-transform: translate(-50%, -50%);
  transform: translate(-50%, -50%);
}
.el-image__placeholder {
  background: #f5f7fa;
}
.el-image__error {
  display: -webkit-box;
  display: -ms-flexbox;
  display: flex;
  -webkit-box-align: center;
  -ms-flex-align: center;
  align-items: center;
  -webkit-box-pack: center;
  -ms-flex-pack: center;
  justify-content: center;
  font-size: 14px;
  vertical-align: middle;
  color: #c0c4cc;
  background: #f5f7fa;
}
.el-image__preview {
  cursor: pointer;
}
.el-image-viewer__wrapper {
  position: fixed;
  inset: 0;
}
.el-image-viewer__btn {
  position: absolute;
  z-index: 1;
  -webkit-box-sizing: border-box;
  box-sizing: border-box;
  display: -webkit-box;
  display: -ms-flexbox;
  display: flex;
  -webkit-box-align: center;
  -ms-flex-align: center;
  align-items: center;
  -webkit-box-pack: center;
  -ms-flex-pack: center;
  justify-content: center;
  cursor: pointer;
  -webkit-user-select: none;
  -moz-user-select: none;
  -ms-user-select: none;
  user-select: none;
  border-radius: 50%;
  opacity: 0.8;
}
.el-image-viewer__close {
  top: 40px;
  right: 40px;
  width: 40px;
  height: 40px;
  font-size: 24px;
  color: #fff;
  background-color: #606266;
}
.el-image-viewer__canvas {
  display: -webkit-box;
  display: -ms-flexbox;
  display: flex;
  -webkit-box-align: center;
  -ms-flex-align: center;
  align-items: center;
  -webkit-box-pack: center;
  -ms-flex-pack: center;
  justify-content: center;
  width: 100%;
  height: 100%;
}
.el-image-viewer__actions {
  bottom: 30px;
  left: 50%;
  width: 282px;
  height: 44px;
  padding: 0 23px;
  background-color: #606266;
  border-color: #fff;
  border-radius: 22px;
  -webkit-transform: translateX(-50%);
  transform: translate(-50%);
}
.el-image-viewer__actions__inner {
  display: -webkit-box;
  display: -ms-flexbox;
  display: flex;
  -webkit-box-align: center;
  -ms-flex-align: center;
  align-items: center;
  -ms-flex-pack: distribute;
  justify-content: space-around;
  width: 100%;
  height: 100%;
  font-size: 23px;
  color: #fff;
  text-align: justify;
  cursor: default;
}
.el-image-viewer__prev {
  top: 50%;
  left: 40px;
  width: 44px;
  height: 44px;
  font-size: 24px;
  color: #fff;
  background-color: #606266;
  border-color: #fff;
  -webkit-transform: translateY(-50%);
  transform: translateY(-50%);
}
.el-image-viewer__next {
  top: 50%;
  right: 40px;
  width: 44px;
  height: 44px;
  font-size: 24px;
  color: #fff;
  text-indent: 2px;
  background-color: #606266;
  border-color: #fff;
  -webkit-transform: translateY(-50%);
  transform: translateY(-50%);
}
.el-image-viewer__mask {
  position: absolute;
  top: 0;
  left: 0;
  width: 100%;
  height: 100%;
  background: #000;
  opacity: 0.5;
}
.viewer-fade-enter-active {
  -webkit-animation: viewer-fade-in 0.3s;
  animation: viewer-fade-in 0.3s;
}
.viewer-fade-leave-active {
  -webkit-animation: viewer-fade-out 0.3s;
  animation: viewer-fade-out 0.3s;
}
@-webkit-keyframes viewer-fade-in {
  0% {
    opacity: 0;
    -webkit-transform: translate3d(0, -20px, 0);
    transform: translate3d(0, -20px, 0);
  }
  to {
    opacity: 1;
    -webkit-transform: translate3d(0, 0, 0);
    transform: translateZ(0);
  }
}
@keyframes viewer-fade-in {
  0% {
    opacity: 0;
    -webkit-transform: translate3d(0, -20px, 0);
    transform: translate3d(0, -20px, 0);
  }
  to {
    opacity: 1;
    -webkit-transform: translate3d(0, 0, 0);
    transform: translateZ(0);
  }
}
@-webkit-keyframes viewer-fade-out {
  0% {
    opacity: 1;
    -webkit-transform: translate3d(0, 0, 0);
    transform: translateZ(0);
  }
  to {
    opacity: 0;
    -webkit-transform: translate3d(0, -20px, 0);
    transform: translate3d(0, -20px, 0);
  }
}
@keyframes viewer-fade-out {
  0% {
    opacity: 1;
    -webkit-transform: translate3d(0, 0, 0);
    transform: translateZ(0);
  }
  to {
    opacity: 0;
    -webkit-transform: translate3d(0, -20px, 0);
    transform: translate3d(0, -20px, 0);
  }
}
