.el-main {
  -webkit-box-sizing: border-box;
  box-sizing: border-box;
  display: block;
  -webkit-box-flex: 1;
  -ms-flex: 1;
  flex: 1;
  -ms-flex-preferred-size: auto;
  flex-basis: auto;
  padding: 20px;
  overflow: auto;
}
