.fade-in-linear-enter-active,
.fade-in-linear-leave-active {
  -webkit-transition: opacity 0.2s linear;
  transition: opacity 0.2s linear;
}
.fade-in-linear-enter,
.fade-in-linear-leave,
.fade-in-linear-leave-active {
  opacity: 0;
}
.el-fade-in-linear-enter-active,
.el-fade-in-linear-leave-active {
  -webkit-transition: opacity 0.2s linear;
  transition: opacity 0.2s linear;
}
.el-fade-in-linear-enter,
.el-fade-in-linear-leave,
.el-fade-in-linear-leave-active {
  opacity: 0;
}
.el-fade-in-enter-active,
.el-fade-in-leave-active {
  -webkit-transition: all 0.3s cubic-bezier(0.55, 0, 0.1, 1);
  transition: all 0.3s cubic-bezier(0.55, 0, 0.1, 1);
}
.el-fade-in-enter,
.el-fade-in-leave-active {
  opacity: 0;
}
.el-zoom-in-center-enter-active,
.el-zoom-in-center-leave-active {
  -webkit-transition: all 0.3s cubic-bezier(0.55, 0, 0.1, 1);
  transition: all 0.3s cubic-bezier(0.55, 0, 0.1, 1);
}
.el-zoom-in-center-enter,
.el-zoom-in-center-leave-active {
  opacity: 0;
  -webkit-transform: scaleX(0);
  transform: scaleX(0);
}
.el-zoom-in-top-enter-active,
.el-zoom-in-top-leave-active {
  opacity: 1;
  -webkit-transform: scaleY(1);
  transform: scaleY(1);
  -webkit-transform-origin: center top;
  transform-origin: center top;
  -webkit-transition:
    opacity 0.3s cubic-bezier(0.23, 1, 0.32, 1),
    -webkit-transform 0.3s cubic-bezier(0.23, 1, 0.32, 1);
  transition:
    opacity 0.3s cubic-bezier(0.23, 1, 0.32, 1),
    -webkit-transform 0.3s cubic-bezier(0.23, 1, 0.32, 1);
  transition:
    transform 0.3s cubic-bezier(0.23, 1, 0.32, 1),
    opacity 0.3s cubic-bezier(0.23, 1, 0.32, 1);
  transition:
    transform 0.3s cubic-bezier(0.23, 1, 0.32, 1),
    opacity 0.3s cubic-bezier(0.23, 1, 0.32, 1),
    -webkit-transform 0.3s cubic-bezier(0.23, 1, 0.32, 1);
}
.el-zoom-in-top-enter,
.el-zoom-in-top-leave-active {
  opacity: 0;
  -webkit-transform: scaleY(0);
  transform: scaleY(0);
}
.el-zoom-in-bottom-enter-active,
.el-zoom-in-bottom-leave-active {
  opacity: 1;
  -webkit-transform: scaleY(1);
  transform: scaleY(1);
  -webkit-transform-origin: center bottom;
  transform-origin: center bottom;
  -webkit-transition:
    opacity 0.3s cubic-bezier(0.23, 1, 0.32, 1),
    -webkit-transform 0.3s cubic-bezier(0.23, 1, 0.32, 1);
  transition:
    opacity 0.3s cubic-bezier(0.23, 1, 0.32, 1),
    -webkit-transform 0.3s cubic-bezier(0.23, 1, 0.32, 1);
  transition:
    transform 0.3s cubic-bezier(0.23, 1, 0.32, 1),
    opacity 0.3s cubic-bezier(0.23, 1, 0.32, 1);
  transition:
    transform 0.3s cubic-bezier(0.23, 1, 0.32, 1),
    opacity 0.3s cubic-bezier(0.23, 1, 0.32, 1),
    -webkit-transform 0.3s cubic-bezier(0.23, 1, 0.32, 1);
}
.el-zoom-in-bottom-enter,
.el-zoom-in-bottom-leave-active {
  opacity: 0;
  -webkit-transform: scaleY(0);
  transform: scaleY(0);
}
.el-zoom-in-left-enter-active,
.el-zoom-in-left-leave-active {
  opacity: 1;
  -webkit-transform: scale(1, 1);
  transform: scale(1);
  -webkit-transform-origin: top left;
  transform-origin: top left;
  -webkit-transition:
    opacity 0.3s cubic-bezier(0.23, 1, 0.32, 1),
    -webkit-transform 0.3s cubic-bezier(0.23, 1, 0.32, 1);
  transition:
    opacity 0.3s cubic-bezier(0.23, 1, 0.32, 1),
    -webkit-transform 0.3s cubic-bezier(0.23, 1, 0.32, 1);
  transition:
    transform 0.3s cubic-bezier(0.23, 1, 0.32, 1),
    opacity 0.3s cubic-bezier(0.23, 1, 0.32, 1);
  transition:
    transform 0.3s cubic-bezier(0.23, 1, 0.32, 1),
    opacity 0.3s cubic-bezier(0.23, 1, 0.32, 1),
    -webkit-transform 0.3s cubic-bezier(0.23, 1, 0.32, 1);
}
.el-zoom-in-left-enter,
.el-zoom-in-left-leave-active {
  opacity: 0;
  -webkit-transform: scale(0.45, 0.45);
  transform: scale(0.45);
}
.collapse-transition {
  -webkit-transition:
    0.3s height ease-in-out,
    0.3s padding-top ease-in-out,
    0.3s padding-bottom ease-in-out;
  transition:
    0.3s height ease-in-out,
    0.3s padding-top ease-in-out,
    0.3s padding-bottom ease-in-out;
}
.horizontal-collapse-transition {
  -webkit-transition:
    0.3s width ease-in-out,
    0.3s padding-left ease-in-out,
    0.3s padding-right ease-in-out;
  transition:
    0.3s width ease-in-out,
    0.3s padding-left ease-in-out,
    0.3s padding-right ease-in-out;
}
.el-list-enter-active,
.el-list-leave-active {
  -webkit-transition: all 1s;
  transition: all 1s;
}
.el-list-enter,
.el-list-leave-active {
  opacity: 0;
  -webkit-transform: translateY(-30px);
  transform: translateY(-30px);
}
.el-opacity-transition {
  -webkit-transition: opacity 0.3s cubic-bezier(0.55, 0, 0.1, 1);
  transition: opacity 0.3s cubic-bezier(0.55, 0, 0.1, 1);
}
.el-menu {
  position: relative;
  padding-left: 0;
  margin: 0;
  list-style: none;
  background-color: #fff;
  border-right: solid 1px #e6e6e6;
}
.el-menu:before,
.el-menu:after {
  display: table;
  content: "";
}
.el-menu:after {
  clear: both;
}
.el-menu.el-menu--horizontal {
  border-bottom: solid 1px #e6e6e6;
}
.el-menu--horizontal {
  border-right: none;
}
.el-menu--horizontal > .el-menu-item {
  float: left;
  height: 60px;
  margin: 0;
  line-height: 60px;
  color: #909399;
  border-bottom: 2px solid transparent;
}
.el-menu--horizontal > .el-menu-item a,
.el-menu--horizontal > .el-menu-item a:hover {
  color: inherit;
}
.el-menu--horizontal > .el-menu-item:not(.is-disabled):hover,
.el-menu--horizontal > .el-menu-item:not(.is-disabled):focus {
  background-color: #fff;
}
.el-menu--horizontal > .el-submenu {
  float: left;
}
.el-menu--horizontal > .el-submenu:focus,
.el-menu--horizontal > .el-submenu:hover {
  outline: none;
}
.el-menu--horizontal > .el-submenu:focus .el-submenu__title,
.el-menu--horizontal > .el-submenu:hover .el-submenu__title {
  color: #303133;
}
.el-menu--horizontal > .el-submenu.is-active .el-submenu__title {
  color: #303133;
  border-bottom: 2px solid #409eff;
}
.el-menu--horizontal > .el-submenu .el-submenu__title {
  height: 60px;
  line-height: 60px;
  color: #909399;
  border-bottom: 2px solid transparent;
}
.el-menu--horizontal > .el-submenu .el-submenu__title:hover {
  background-color: #fff;
}
.el-menu--horizontal > .el-submenu .el-submenu__icon-arrow {
  position: static;
  margin-top: -3px;
  margin-left: 8px;
  vertical-align: middle;
}
.el-menu--horizontal .el-menu .el-menu-item,
.el-menu--horizontal .el-menu .el-submenu__title {
  float: none;
  height: 36px;
  padding: 0 10px;
  line-height: 36px;
  color: #909399;
  background-color: #fff;
}
.el-menu--horizontal .el-menu .el-menu-item.is-active,
.el-menu--horizontal .el-menu .el-submenu.is-active > .el-submenu__title {
  color: #303133;
}
.el-menu--horizontal .el-menu-item:not(.is-disabled):hover,
.el-menu--horizontal .el-menu-item:not(.is-disabled):focus {
  color: #303133;
  outline: none;
}
.el-menu--horizontal > .el-menu-item.is-active {
  color: #303133;
  border-bottom: 2px solid #409eff;
}
.el-menu--collapse {
  width: 64px;
}
.el-menu--collapse > .el-menu-item [class^="el-icon-"],
.el-menu--collapse > .el-submenu > .el-submenu__title [class^="el-icon-"] {
  width: 24px;
  margin: 0;
  vertical-align: middle;
  text-align: center;
}
.el-menu--collapse > .el-menu-item .el-submenu__icon-arrow,
.el-menu--collapse > .el-submenu > .el-submenu__title .el-submenu__icon-arrow {
  display: none;
}
.el-menu--collapse > .el-menu-item span,
.el-menu--collapse > .el-submenu > .el-submenu__title span {
  display: inline-block;
  visibility: hidden;
  width: 0;
  height: 0;
  overflow: hidden;
}
.el-menu--collapse > .el-menu-item.is-active i {
  color: inherit;
}
.el-menu--collapse .el-menu .el-submenu {
  min-width: 200px;
}
.el-menu--collapse .el-submenu {
  position: relative;
}
.el-menu--collapse .el-submenu .el-menu {
  position: absolute;
  top: 0;
  left: 100%;
  z-index: 10;
  margin-left: 5px;
  border: 1px solid #e4e7ed;
  border-radius: 2px;
  -webkit-box-shadow: 0 2px 12px 0 rgba(0, 0, 0, 0.1);
  box-shadow: 0 2px 12px #0000001a;
}
.el-menu--collapse
  .el-submenu.is-opened
  > .el-submenu__title
  .el-submenu__icon-arrow {
  -webkit-transform: none;
  transform: none;
}
.el-menu--popup {
  z-index: 100;
  min-width: 200px;
  padding: 5px 0;
  border: none;
  border-radius: 2px;
  -webkit-box-shadow: 0 2px 12px 0 rgba(0, 0, 0, 0.1);
  box-shadow: 0 2px 12px #0000001a;
}
.el-menu--popup-bottom-start {
  margin-top: 5px;
}
.el-menu--popup-right-start {
  margin-right: 5px;
  margin-left: 5px;
}
.el-menu-item {
  position: relative;
  -webkit-box-sizing: border-box;
  box-sizing: border-box;
  height: 56px;
  padding: 0 20px;
  font-size: 14px;
  line-height: 56px;
  color: #303133;
  white-space: nowrap;
  cursor: pointer;
  list-style: none;
  -webkit-transition:
    border-color 0.3s,
    background-color 0.3s,
    color 0.3s;
  transition:
    border-color 0.3s,
    background-color 0.3s,
    color 0.3s;
}
.el-menu-item * {
  vertical-align: middle;
}
.el-menu-item i {
  color: #909399;
}
.el-menu-item:hover,
.el-menu-item:focus {
  outline: none;
  background-color: #ecf5ff;
}
.el-menu-item.is-disabled {
  cursor: not-allowed;
  background: none !important;
  opacity: 0.25;
}
.el-menu-item [class^="el-icon-"] {
  width: 24px;
  margin-right: 5px;
  font-size: 18px;
  vertical-align: middle;
  text-align: center;
}
.el-menu-item.is-active {
  color: #409eff;
}
.el-menu-item.is-active i {
  color: inherit;
}
.el-submenu {
  padding-left: 0;
  margin: 0;
  list-style: none;
}
.el-submenu__title {
  position: relative;
  -webkit-box-sizing: border-box;
  box-sizing: border-box;
  height: 56px;
  padding: 0 20px;
  font-size: 14px;
  line-height: 56px;
  color: #303133;
  white-space: nowrap;
  cursor: pointer;
  list-style: none;
  -webkit-transition:
    border-color 0.3s,
    background-color 0.3s,
    color 0.3s;
  transition:
    border-color 0.3s,
    background-color 0.3s,
    color 0.3s;
}
.el-submenu__title * {
  vertical-align: middle;
}
.el-submenu__title i {
  color: #909399;
}
.el-submenu__title:hover,
.el-submenu__title:focus {
  outline: none;
  background-color: #ecf5ff;
}
.el-submenu__title.is-disabled {
  cursor: not-allowed;
  background: none !important;
  opacity: 0.25;
}
.el-submenu__title:hover {
  background-color: #ecf5ff;
}
.el-submenu .el-menu {
  border: none;
}
.el-submenu .el-menu-item {
  min-width: 200px;
  height: 50px;
  padding: 0 45px;
  line-height: 50px;
}
.el-submenu__icon-arrow {
  position: absolute;
  top: 50%;
  right: 20px;
  margin-top: -7px;
  font-size: 12px;
  -webkit-transition: -webkit-transform 0.3s;
  transition: -webkit-transform 0.3s;
  transition: transform 0.3s;
  transition:
    transform 0.3s,
    -webkit-transform 0.3s;
}
.el-submenu.is-active .el-submenu__title {
  border-bottom-color: #409eff;
}
.el-submenu.is-opened > .el-submenu__title .el-submenu__icon-arrow {
  -webkit-transform: rotateZ(180deg);
  transform: rotate(180deg);
}
.el-submenu.is-disabled .el-submenu__title,
.el-submenu.is-disabled .el-menu-item {
  cursor: not-allowed;
  background: none !important;
  opacity: 0.25;
}
.el-submenu [class^="el-icon-"] {
  width: 24px;
  margin-right: 5px;
  font-size: 18px;
  vertical-align: middle;
  text-align: center;
}
.el-menu-item-group > ul {
  padding: 0;
}
.el-menu-item-group__title {
  padding: 7px 0 7px 20px;
  font-size: 12px;
  line-height: normal;
  color: #909399;
}
.horizontal-collapse-transition .el-submenu__title .el-submenu__icon-arrow {
  opacity: 0;
  -webkit-transition: 0.2s;
  transition: 0.2s;
}
