.v-modal-enter {
  -webkit-animation: v-modal-in 0.2s ease;
  animation: v-modal-in 0.2s ease;
}
.v-modal-leave {
  -webkit-animation: v-modal-out 0.2s ease forwards;
  animation: v-modal-out 0.2s ease forwards;
}
@-webkit-keyframes v-modal-in {
  0% {
    opacity: 0;
  }
  to {
    opacity: 1;
  }
}
@keyframes v-modal-in {
  0% {
    opacity: 0;
  }
  to {
    opacity: 1;
  }
}
@-webkit-keyframes v-modal-out {
  0% {
    opacity: 1;
  }
  to {
    opacity: 0;
  }
}
@keyframes v-modal-out {
  0% {
    opacity: 1;
  }
  to {
    opacity: 0;
  }
}
.v-modal {
  position: fixed;
  top: 0;
  left: 0;
  width: 100%;
  height: 100%;
  background: #000;
  opacity: 0.5;
}
.el-popup-parent--hidden {
  overflow: hidden;
}
.el-button {
  -webkit-box-sizing: border-box;
  box-sizing: border-box;
  display: inline-block;
  margin: 0;
  font-weight: 500;
  line-height: 1;
  color: #606266;
  text-align: center;
  white-space: nowrap;
  -webkit-appearance: none;
  -moz-appearance: none;
  appearance: none;
  cursor: pointer;
  outline: none;
  background: #fff;
  border: 1px solid #dcdfe6;
  border-color: #dcdfe6;
  -webkit-transition: 0.1s;
  transition: 0.1s;
  -webkit-user-select: none;
  -moz-user-select: none;
  -ms-user-select: none;
  user-select: none;
}
.el-button + .el-button {
  margin-left: 10px;
}
.el-button {
  padding: 12px 20px;
  font-size: 14px;
  border-radius: 4px;
}
.el-button.is-round {
  padding: 12px 20px;
}
.el-button:hover,
.el-button:focus {
  color: #409eff;
  background-color: #ecf5ff;
  border-color: #c6e2ff;
}
.el-button:active {
  color: #3a8ee6;
  outline: none;
  border-color: #3a8ee6;
}
.el-button::-moz-focus-inner {
  border: 0;
}
.el-button [class*="el-icon-"] + span {
  margin-left: 5px;
}
.el-button.is-plain:hover,
.el-button.is-plain:focus {
  color: #409eff;
  background: #fff;
  border-color: #409eff;
}
.el-button.is-plain:active {
  color: #3a8ee6;
  outline: none;
  background: #fff;
  border-color: #3a8ee6;
}
.el-button.is-active {
  color: #3a8ee6;
  border-color: #3a8ee6;
}
.el-button.is-disabled,
.el-button.is-disabled:hover,
.el-button.is-disabled:focus {
  color: #c0c4cc;
  cursor: not-allowed;
  background-color: #fff;
  background-image: none;
  border-color: #ebeef5;
}
.el-button.is-disabled.el-button--text {
  background-color: transparent;
}
.el-button.is-disabled.is-plain,
.el-button.is-disabled.is-plain:hover,
.el-button.is-disabled.is-plain:focus {
  color: #c0c4cc;
  background-color: #fff;
  border-color: #ebeef5;
}
.el-button.is-loading {
  position: relative;
  pointer-events: none;
}
.el-button.is-loading:before {
  position: absolute;
  inset: -1px;
  pointer-events: none;
  content: "";
  background-color: #ffffff59;
  border-radius: inherit;
}
.el-button.is-round {
  padding: 12px 23px;
  border-radius: 20px;
}
.el-button.is-circle {
  padding: 12px;
  border-radius: 50%;
}
.el-button--primary {
  color: #fff;
  background-color: #409eff;
  border-color: #409eff;
}
.el-button--primary:hover,
.el-button--primary:focus {
  color: #fff;
  background: #66b1ff;
  border-color: #66b1ff;
}
.el-button--primary:active {
  color: #fff;
  outline: none;
  background: #3a8ee6;
  border-color: #3a8ee6;
}
.el-button--primary.is-active {
  color: #fff;
  background: #3a8ee6;
  border-color: #3a8ee6;
}
.el-button--primary.is-disabled,
.el-button--primary.is-disabled:hover,
.el-button--primary.is-disabled:focus,
.el-button--primary.is-disabled:active {
  color: #fff;
  background-color: #a0cfff;
  border-color: #a0cfff;
}
.el-button--primary.is-plain {
  color: #409eff;
  background: #ecf5ff;
  border-color: #b3d8ff;
}
.el-button--primary.is-plain:hover,
.el-button--primary.is-plain:focus {
  color: #fff;
  background: #409eff;
  border-color: #409eff;
}
.el-button--primary.is-plain:active {
  color: #fff;
  outline: none;
  background: #3a8ee6;
  border-color: #3a8ee6;
}
.el-button--primary.is-plain.is-disabled,
.el-button--primary.is-plain.is-disabled:hover,
.el-button--primary.is-plain.is-disabled:focus,
.el-button--primary.is-plain.is-disabled:active {
  color: #8cc5ff;
  background-color: #ecf5ff;
  border-color: #d9ecff;
}
.el-button--success {
  color: #fff;
  background-color: #67c23a;
  border-color: #67c23a;
}
.el-button--success:hover,
.el-button--success:focus {
  color: #fff;
  background: #85ce61;
  border-color: #85ce61;
}
.el-button--success:active {
  color: #fff;
  outline: none;
  background: #5daf34;
  border-color: #5daf34;
}
.el-button--success.is-active {
  color: #fff;
  background: #5daf34;
  border-color: #5daf34;
}
.el-button--success.is-disabled,
.el-button--success.is-disabled:hover,
.el-button--success.is-disabled:focus,
.el-button--success.is-disabled:active {
  color: #fff;
  background-color: #b3e19d;
  border-color: #b3e19d;
}
.el-button--success.is-plain {
  color: #67c23a;
  background: #f0f9eb;
  border-color: #c2e7b0;
}
.el-button--success.is-plain:hover,
.el-button--success.is-plain:focus {
  color: #fff;
  background: #67c23a;
  border-color: #67c23a;
}
.el-button--success.is-plain:active {
  color: #fff;
  outline: none;
  background: #5daf34;
  border-color: #5daf34;
}
.el-button--success.is-plain.is-disabled,
.el-button--success.is-plain.is-disabled:hover,
.el-button--success.is-plain.is-disabled:focus,
.el-button--success.is-plain.is-disabled:active {
  color: #a4da89;
  background-color: #f0f9eb;
  border-color: #e1f3d8;
}
.el-button--warning {
  color: #fff;
  background-color: #e6a23c;
  border-color: #e6a23c;
}
.el-button--warning:hover,
.el-button--warning:focus {
  color: #fff;
  background: #ebb563;
  border-color: #ebb563;
}
.el-button--warning:active {
  color: #fff;
  outline: none;
  background: #cf9236;
  border-color: #cf9236;
}
.el-button--warning.is-active {
  color: #fff;
  background: #cf9236;
  border-color: #cf9236;
}
.el-button--warning.is-disabled,
.el-button--warning.is-disabled:hover,
.el-button--warning.is-disabled:focus,
.el-button--warning.is-disabled:active {
  color: #fff;
  background-color: #f3d19e;
  border-color: #f3d19e;
}
.el-button--warning.is-plain {
  color: #e6a23c;
  background: #fdf6ec;
  border-color: #f5dab1;
}
.el-button--warning.is-plain:hover,
.el-button--warning.is-plain:focus {
  color: #fff;
  background: #e6a23c;
  border-color: #e6a23c;
}
.el-button--warning.is-plain:active {
  color: #fff;
  outline: none;
  background: #cf9236;
  border-color: #cf9236;
}
.el-button--warning.is-plain.is-disabled,
.el-button--warning.is-plain.is-disabled:hover,
.el-button--warning.is-plain.is-disabled:focus,
.el-button--warning.is-plain.is-disabled:active {
  color: #f0c78a;
  background-color: #fdf6ec;
  border-color: #faecd8;
}
.el-button--danger {
  color: #fff;
  background-color: #f56c6c;
  border-color: #f56c6c;
}
.el-button--danger:hover,
.el-button--danger:focus {
  color: #fff;
  background: #f78989;
  border-color: #f78989;
}
.el-button--danger:active {
  color: #fff;
  outline: none;
  background: #dd6161;
  border-color: #dd6161;
}
.el-button--danger.is-active {
  color: #fff;
  background: #dd6161;
  border-color: #dd6161;
}
.el-button--danger.is-disabled,
.el-button--danger.is-disabled:hover,
.el-button--danger.is-disabled:focus,
.el-button--danger.is-disabled:active {
  color: #fff;
  background-color: #fab6b6;
  border-color: #fab6b6;
}
.el-button--danger.is-plain {
  color: #f56c6c;
  background: #fef0f0;
  border-color: #fbc4c4;
}
.el-button--danger.is-plain:hover,
.el-button--danger.is-plain:focus {
  color: #fff;
  background: #f56c6c;
  border-color: #f56c6c;
}
.el-button--danger.is-plain:active {
  color: #fff;
  outline: none;
  background: #dd6161;
  border-color: #dd6161;
}
.el-button--danger.is-plain.is-disabled,
.el-button--danger.is-plain.is-disabled:hover,
.el-button--danger.is-plain.is-disabled:focus,
.el-button--danger.is-plain.is-disabled:active {
  color: #f9a7a7;
  background-color: #fef0f0;
  border-color: #fde2e2;
}
.el-button--info {
  color: #fff;
  background-color: #909399;
  border-color: #909399;
}
.el-button--info:hover,
.el-button--info:focus {
  color: #fff;
  background: #a6a9ad;
  border-color: #a6a9ad;
}
.el-button--info:active {
  color: #fff;
  outline: none;
  background: #82848a;
  border-color: #82848a;
}
.el-button--info.is-active {
  color: #fff;
  background: #82848a;
  border-color: #82848a;
}
.el-button--info.is-disabled,
.el-button--info.is-disabled:hover,
.el-button--info.is-disabled:focus,
.el-button--info.is-disabled:active {
  color: #fff;
  background-color: #c8c9cc;
  border-color: #c8c9cc;
}
.el-button--info.is-plain {
  color: #909399;
  background: #f4f4f5;
  border-color: #d3d4d6;
}
.el-button--info.is-plain:hover,
.el-button--info.is-plain:focus {
  color: #fff;
  background: #909399;
  border-color: #909399;
}
.el-button--info.is-plain:active {
  color: #fff;
  outline: none;
  background: #82848a;
  border-color: #82848a;
}
.el-button--info.is-plain.is-disabled,
.el-button--info.is-plain.is-disabled:hover,
.el-button--info.is-plain.is-disabled:focus,
.el-button--info.is-plain.is-disabled:active {
  color: #bcbec2;
  background-color: #f4f4f5;
  border-color: #e9e9eb;
}
.el-button--medium {
  padding: 10px 20px;
  font-size: 14px;
  border-radius: 4px;
}
.el-button--medium.is-round {
  padding: 10px 20px;
}
.el-button--medium.is-circle {
  padding: 10px;
}
.el-button--small {
  padding: 9px 15px;
  font-size: 12px;
  border-radius: 3px;
}
.el-button--small.is-round {
  padding: 9px 15px;
}
.el-button--small.is-circle {
  padding: 9px;
}
.el-button--mini {
  padding: 7px 15px;
  font-size: 12px;
  border-radius: 3px;
}
.el-button--mini.is-round {
  padding: 7px 15px;
}
.el-button--mini.is-circle {
  padding: 7px;
}
.el-button--text {
  padding-right: 0;
  padding-left: 0;
  color: #409eff;
  background: transparent;
  border-color: transparent;
}
.el-button--text:hover,
.el-button--text:focus {
  color: #66b1ff;
  background-color: transparent;
  border-color: transparent;
}
.el-button--text:active {
  color: #3a8ee6;
  background-color: transparent;
  border-color: transparent;
}
.el-button--text.is-disabled,
.el-button--text.is-disabled:hover,
.el-button--text.is-disabled:focus {
  border-color: transparent;
}
.el-button-group:before,
.el-button-group:after {
  display: table;
  content: "";
}
.el-button-group:after {
  clear: both;
}
.el-button-group {
  display: inline-block;
  vertical-align: middle;
}
.el-button-group > .el-button {
  position: relative;
  float: left;
}
.el-button-group > .el-button + .el-button {
  margin-left: 0;
}
.el-button-group > .el-button.is-disabled {
  z-index: 1;
}
.el-button-group > .el-button:first-child {
  border-top-right-radius: 0;
  border-bottom-right-radius: 0;
}
.el-button-group > .el-button:last-child {
  border-top-left-radius: 0;
  border-bottom-left-radius: 0;
}
.el-button-group > .el-button:first-child:last-child {
  border-radius: 4px;
}
.el-button-group > .el-button:first-child:last-child.is-round {
  border-radius: 20px;
}
.el-button-group > .el-button:first-child:last-child.is-circle {
  border-radius: 50%;
}
.el-button-group > .el-button:not(:first-child, :last-child) {
  border-radius: 0;
}
.el-button-group > .el-button:not(:last-child) {
  margin-right: -1px;
}
.el-button-group > .el-button:not(.is-disabled):hover,
.el-button-group > .el-button:not(.is-disabled):focus,
.el-button-group > .el-button:not(.is-disabled):active {
  z-index: 1;
}
.el-button-group > .el-button.is-active {
  z-index: 1;
}
.el-button-group > .el-dropdown > .el-button {
  border-left-color: #ffffff80;
  border-top-left-radius: 0;
  border-bottom-left-radius: 0;
}
.el-button-group .el-button--primary:first-child {
  border-right-color: #ffffff80;
}
.el-button-group .el-button--primary:last-child {
  border-left-color: #ffffff80;
}
.el-button-group .el-button--primary:not(:first-child, :last-child) {
  border-right-color: #ffffff80;
  border-left-color: #ffffff80;
}
.el-button-group .el-button--success:first-child {
  border-right-color: #ffffff80;
}
.el-button-group .el-button--success:last-child {
  border-left-color: #ffffff80;
}
.el-button-group .el-button--success:not(:first-child, :last-child) {
  border-right-color: #ffffff80;
  border-left-color: #ffffff80;
}
.el-button-group .el-button--warning:first-child {
  border-right-color: #ffffff80;
}
.el-button-group .el-button--warning:last-child {
  border-left-color: #ffffff80;
}
.el-button-group .el-button--warning:not(:first-child, :last-child) {
  border-right-color: #ffffff80;
  border-left-color: #ffffff80;
}
.el-button-group .el-button--danger:first-child {
  border-right-color: #ffffff80;
}
.el-button-group .el-button--danger:last-child {
  border-left-color: #ffffff80;
}
.el-button-group .el-button--danger:not(:first-child, :last-child) {
  border-right-color: #ffffff80;
  border-left-color: #ffffff80;
}
.el-button-group .el-button--info:first-child {
  border-right-color: #ffffff80;
}
.el-button-group .el-button--info:last-child {
  border-left-color: #ffffff80;
}
.el-button-group .el-button--info:not(:first-child, :last-child) {
  border-right-color: #ffffff80;
  border-left-color: #ffffff80;
}
.el-textarea {
  position: relative;
  display: inline-block;
  width: 100%;
  font-size: 14px;
  vertical-align: bottom;
}
.el-textarea__inner {
  -webkit-box-sizing: border-box;
  box-sizing: border-box;
  display: block;
  width: 100%;
  padding: 5px 15px;
  font-size: inherit;
  line-height: 1.5;
  color: #606266;
  resize: vertical;
  background-color: #fff;
  background-image: none;
  border: 1px solid #dcdfe6;
  border-radius: 4px;
  -webkit-transition: border-color 0.2s cubic-bezier(0.645, 0.045, 0.355, 1);
  transition: border-color 0.2s cubic-bezier(0.645, 0.045, 0.355, 1);
}
.el-textarea__inner::-webkit-input-placeholder {
  color: #c0c4cc;
}
.el-textarea__inner::-moz-placeholder {
  color: #c0c4cc;
}
.el-textarea__inner:-ms-input-placeholder {
  color: #c0c4cc;
}
.el-textarea__inner::-ms-input-placeholder {
  color: #c0c4cc;
}
.el-textarea__inner::placeholder {
  color: #c0c4cc;
}
.el-textarea__inner:hover {
  border-color: #c0c4cc;
}
.el-textarea__inner:focus {
  outline: none;
  border-color: #409eff;
}
.el-textarea .el-input__count {
  position: absolute;
  right: 10px;
  bottom: 5px;
  font-size: 12px;
  color: #909399;
  background: #fff;
}
.el-textarea.is-disabled .el-textarea__inner {
  color: #c0c4cc;
  cursor: not-allowed;
  background-color: #f5f7fa;
  border-color: #e4e7ed;
}
.el-textarea.is-disabled .el-textarea__inner::-webkit-input-placeholder {
  color: #c0c4cc;
}
.el-textarea.is-disabled .el-textarea__inner::-moz-placeholder {
  color: #c0c4cc;
}
.el-textarea.is-disabled .el-textarea__inner:-ms-input-placeholder {
  color: #c0c4cc;
}
.el-textarea.is-disabled .el-textarea__inner::-ms-input-placeholder {
  color: #c0c4cc;
}
.el-textarea.is-disabled .el-textarea__inner::placeholder {
  color: #c0c4cc;
}
.el-textarea.is-exceed .el-textarea__inner {
  border-color: #f56c6c;
}
.el-textarea.is-exceed .el-input__count {
  color: #f56c6c;
}
.el-input {
  position: relative;
  display: inline-block;
  width: 100%;
  font-size: 14px;
}
.el-input::-webkit-scrollbar {
  z-index: 11;
  width: 6px;
}
.el-input::-webkit-scrollbar:horizontal {
  height: 6px;
}
.el-input::-webkit-scrollbar-thumb {
  width: 6px;
  background: #b4bccc;
  border-radius: 5px;
}
.el-input::-webkit-scrollbar-corner {
  background: #fff;
}
.el-input::-webkit-scrollbar-track {
  background: #fff;
}
.el-input::-webkit-scrollbar-track-piece {
  width: 6px;
  background: #fff;
}
.el-input .el-input__clear {
  font-size: 14px;
  color: #c0c4cc;
  cursor: pointer;
  -webkit-transition: color 0.2s cubic-bezier(0.645, 0.045, 0.355, 1);
  transition: color 0.2s cubic-bezier(0.645, 0.045, 0.355, 1);
}
.el-input .el-input__clear:hover {
  color: #909399;
}
.el-input .el-input__count {
  display: -webkit-inline-box;
  display: -ms-inline-flexbox;
  display: inline-flex;
  -webkit-box-align: center;
  -ms-flex-align: center;
  align-items: center;
  height: 100%;
  font-size: 12px;
  color: #909399;
}
.el-input .el-input__count .el-input__count-inner {
  display: inline-block;
  padding: 0 5px;
  line-height: initial;
  background: #fff;
}
.el-input__inner {
  -webkit-box-sizing: border-box;
  box-sizing: border-box;
  display: inline-block;
  width: 100%;
  height: 40px;
  padding: 0 15px;
  font-size: inherit;
  line-height: 40px;
  color: #606266;
  -webkit-appearance: none;
  -moz-appearance: none;
  appearance: none;
  outline: none;
  background-color: #fff;
  background-image: none;
  border: 1px solid #dcdfe6;
  border-radius: 4px;
  -webkit-transition: border-color 0.2s cubic-bezier(0.645, 0.045, 0.355, 1);
  transition: border-color 0.2s cubic-bezier(0.645, 0.045, 0.355, 1);
}
.el-input__inner::-ms-reveal {
  display: none;
}
.el-input__inner::-webkit-input-placeholder {
  color: #c0c4cc;
}
.el-input__inner::-moz-placeholder {
  color: #c0c4cc;
}
.el-input__inner:-ms-input-placeholder {
  color: #c0c4cc;
}
.el-input__inner::-ms-input-placeholder {
  color: #c0c4cc;
}
.el-input__inner::placeholder {
  color: #c0c4cc;
}
.el-input__inner:hover {
  border-color: #c0c4cc;
}
.el-input__inner:focus {
  outline: none;
  border-color: #409eff;
}
.el-input__suffix {
  position: absolute;
  top: 0;
  right: 5px;
  height: 100%;
  color: #c0c4cc;
  text-align: center;
  pointer-events: none;
  -webkit-transition: all 0.3s;
  transition: all 0.3s;
}
.el-input__suffix-inner {
  pointer-events: all;
}
.el-input__prefix {
  position: absolute;
  top: 0;
  left: 5px;
  height: 100%;
  color: #c0c4cc;
  text-align: center;
  -webkit-transition: all 0.3s;
  transition: all 0.3s;
}
.el-input__icon {
  width: 25px;
  height: 100%;
  line-height: 40px;
  text-align: center;
  -webkit-transition: all 0.3s;
  transition: all 0.3s;
}
.el-input__icon:after {
  display: inline-block;
  width: 0;
  height: 100%;
  vertical-align: middle;
  content: "";
}
.el-input__validateIcon {
  pointer-events: none;
}
.el-input.is-active .el-input__inner {
  outline: none;
  border-color: #409eff;
}
.el-input.is-disabled .el-input__inner {
  color: #c0c4cc;
  cursor: not-allowed;
  background-color: #f5f7fa;
  border-color: #e4e7ed;
}
.el-input.is-disabled .el-input__inner::-webkit-input-placeholder {
  color: #c0c4cc;
}
.el-input.is-disabled .el-input__inner::-moz-placeholder {
  color: #c0c4cc;
}
.el-input.is-disabled .el-input__inner:-ms-input-placeholder {
  color: #c0c4cc;
}
.el-input.is-disabled .el-input__inner::-ms-input-placeholder {
  color: #c0c4cc;
}
.el-input.is-disabled .el-input__inner::placeholder {
  color: #c0c4cc;
}
.el-input.is-disabled .el-input__icon {
  cursor: not-allowed;
}
.el-input.is-exceed .el-input__inner {
  border-color: #f56c6c;
}
.el-input.is-exceed .el-input__suffix .el-input__count {
  color: #f56c6c;
}
.el-input--suffix .el-input__inner {
  padding-right: 30px;
}
.el-input--prefix .el-input__inner {
  padding-left: 30px;
}
.el-input--medium {
  font-size: 14px;
}
.el-input--medium .el-input__inner {
  height: 36px;
  line-height: 36px;
}
.el-input--medium .el-input__icon {
  line-height: 36px;
}
.el-input--small {
  font-size: 13px;
}
.el-input--small .el-input__inner {
  height: 32px;
  line-height: 32px;
}
.el-input--small .el-input__icon {
  line-height: 32px;
}
.el-input--mini {
  font-size: 12px;
}
.el-input--mini .el-input__inner {
  height: 28px;
  line-height: 28px;
}
.el-input--mini .el-input__icon {
  line-height: 28px;
}
.el-input-group {
  display: inline-table;
  width: 100%;
  line-height: normal;
  border-spacing: 0;
  border-collapse: separate;
}
.el-input-group > .el-input__inner {
  display: table-cell;
  vertical-align: middle;
}
.el-input-group__append,
.el-input-group__prepend {
  position: relative;
  display: table-cell;
  width: 1px;
  padding: 0 20px;
  vertical-align: middle;
  color: #909399;
  white-space: nowrap;
  background-color: #f5f7fa;
  border: 1px solid #dcdfe6;
  border-radius: 4px;
}
.el-input-group__append:focus,
.el-input-group__prepend:focus {
  outline: none;
}
.el-input-group__append .el-select,
.el-input-group__append .el-button,
.el-input-group__prepend .el-select,
.el-input-group__prepend .el-button {
  display: inline-block;
  margin: -10px -20px;
}
.el-input-group__append button.el-button,
.el-input-group__append div.el-select .el-input__inner,
.el-input-group__append div.el-select:hover .el-input__inner,
.el-input-group__prepend button.el-button,
.el-input-group__prepend div.el-select .el-input__inner,
.el-input-group__prepend div.el-select:hover .el-input__inner {
  color: inherit;
  background-color: transparent;
  border-color: transparent;
  border-top: 0;
  border-bottom: 0;
}
.el-input-group__append .el-button,
.el-input-group__append .el-input,
.el-input-group__prepend .el-button,
.el-input-group__prepend .el-input {
  font-size: inherit;
}
.el-input-group__prepend {
  border-right: 0;
  border-top-right-radius: 0;
  border-bottom-right-radius: 0;
}
.el-input-group__append {
  border-left: 0;
  border-top-left-radius: 0;
  border-bottom-left-radius: 0;
}
.el-input-group--prepend .el-input__inner {
  border-top-left-radius: 0;
  border-bottom-left-radius: 0;
}
.el-input-group--prepend .el-select .el-input.is-focus .el-input__inner {
  border-color: transparent;
}
.el-input-group--append .el-input__inner {
  border-top-right-radius: 0;
  border-bottom-right-radius: 0;
}
.el-input-group--append .el-select .el-input.is-focus .el-input__inner {
  border-color: transparent;
}
.el-input__inner::-ms-clear {
  display: none;
  width: 0;
  height: 0;
}
.el-message-box {
  display: inline-block;
  width: 420px;
  padding-bottom: 10px;
  overflow: hidden;
  font-size: 18px;
  vertical-align: middle;
  text-align: left;
  background-color: #fff;
  border: 1px solid #ebeef5;
  border-radius: 4px;
  -webkit-box-shadow: 0 2px 12px 0 rgba(0, 0, 0, 0.1);
  box-shadow: 0 2px 12px #0000001a;
  -webkit-backface-visibility: hidden;
  backface-visibility: hidden;
}
.el-message-box__wrapper {
  position: fixed;
  inset: 0;
  text-align: center;
}
.el-message-box__wrapper:after {
  display: inline-block;
  width: 0;
  height: 100%;
  vertical-align: middle;
  content: "";
}
.el-message-box__header {
  position: relative;
  padding: 15px 15px 10px;
}
.el-message-box__title {
  padding-left: 0;
  margin-bottom: 0;
  font-size: 18px;
  line-height: 1;
  color: #303133;
}
.el-message-box__headerbtn {
  position: absolute;
  top: 15px;
  right: 15px;
  padding: 0;
  font-size: 16px;
  cursor: pointer;
  outline: none;
  background: transparent;
  border: none;
}
.el-message-box__headerbtn .el-message-box__close {
  color: #909399;
}
.el-message-box__headerbtn:focus .el-message-box__close,
.el-message-box__headerbtn:hover .el-message-box__close {
  color: #409eff;
}
.el-message-box__content {
  padding: 10px 15px;
  font-size: 14px;
  color: #606266;
}
.el-message-box__container {
  position: relative;
}
.el-message-box__input {
  padding-top: 15px;
}
.el-message-box__input input.invalid {
  border-color: #f56c6c;
}
.el-message-box__input input.invalid:focus {
  border-color: #f56c6c;
}
.el-message-box__status {
  position: absolute;
  top: 50%;
  font-size: 24px !important;
  -webkit-transform: translateY(-50%);
  transform: translateY(-50%);
}
.el-message-box__status:before {
  padding-left: 1px;
}
.el-message-box__status + .el-message-box__message {
  padding-right: 12px;
  padding-left: 36px;
}
.el-message-box__status.el-icon-success {
  color: #67c23a;
}
.el-message-box__status.el-icon-info {
  color: #909399;
}
.el-message-box__status.el-icon-warning {
  color: #e6a23c;
}
.el-message-box__status.el-icon-error {
  color: #f56c6c;
}
.el-message-box__message {
  margin: 0;
}
.el-message-box__message p {
  margin: 0;
  line-height: 24px;
}
.el-message-box__errormsg {
  min-height: 18px;
  margin-top: 2px;
  font-size: 12px;
  color: #f56c6c;
}
.el-message-box__btns {
  padding: 5px 15px 0;
  text-align: right;
}
.el-message-box__btns button:nth-child(2) {
  margin-left: 10px;
}
.el-message-box__btns-reverse {
  -webkit-box-orient: horizontal;
  -webkit-box-direction: reverse;
  -ms-flex-direction: row-reverse;
  flex-direction: row-reverse;
}
.el-message-box--center {
  padding-bottom: 30px;
}
.el-message-box--center .el-message-box__header {
  padding-top: 30px;
}
.el-message-box--center .el-message-box__title {
  position: relative;
  display: -webkit-box;
  display: -ms-flexbox;
  display: flex;
  -webkit-box-align: center;
  -ms-flex-align: center;
  align-items: center;
  -webkit-box-pack: center;
  -ms-flex-pack: center;
  justify-content: center;
}
.el-message-box--center .el-message-box__status {
  position: relative;
  top: auto;
  padding-right: 5px;
  text-align: center;
  -webkit-transform: translateY(-1px);
  transform: translateY(-1px);
}
.el-message-box--center .el-message-box__message {
  margin-left: 0;
}
.el-message-box--center .el-message-box__btns,
.el-message-box--center .el-message-box__content {
  text-align: center;
}
.el-message-box--center .el-message-box__content {
  padding-right: 27px;
  padding-left: 27px;
}
.msgbox-fade-enter-active {
  -webkit-animation: msgbox-fade-in 0.3s;
  animation: msgbox-fade-in 0.3s;
}
.msgbox-fade-leave-active {
  -webkit-animation: msgbox-fade-out 0.3s;
  animation: msgbox-fade-out 0.3s;
}
@-webkit-keyframes msgbox-fade-in {
  0% {
    opacity: 0;
    -webkit-transform: translate3d(0, -20px, 0);
    transform: translate3d(0, -20px, 0);
  }
  to {
    opacity: 1;
    -webkit-transform: translate3d(0, 0, 0);
    transform: translateZ(0);
  }
}
@keyframes msgbox-fade-in {
  0% {
    opacity: 0;
    -webkit-transform: translate3d(0, -20px, 0);
    transform: translate3d(0, -20px, 0);
  }
  to {
    opacity: 1;
    -webkit-transform: translate3d(0, 0, 0);
    transform: translateZ(0);
  }
}
@-webkit-keyframes msgbox-fade-out {
  0% {
    opacity: 1;
    -webkit-transform: translate3d(0, 0, 0);
    transform: translateZ(0);
  }
  to {
    opacity: 0;
    -webkit-transform: translate3d(0, -20px, 0);
    transform: translate3d(0, -20px, 0);
  }
}
@keyframes msgbox-fade-out {
  0% {
    opacity: 1;
    -webkit-transform: translate3d(0, 0, 0);
    transform: translateZ(0);
  }
  to {
    opacity: 0;
    -webkit-transform: translate3d(0, -20px, 0);
    transform: translate3d(0, -20px, 0);
  }
}
