.el-popper .popper__arrow,
.el-popper .popper__arrow:after {
  position: absolute;
  display: block;
  width: 0;
  height: 0;
  border-color: transparent;
  border-style: solid;
}
.el-popper .popper__arrow {
  border-width: 6px;
  -webkit-filter: drop-shadow(0 2px 12px rgba(0, 0, 0, 0.03));
  filter: drop-shadow(0 2px 12px rgba(0, 0, 0, 0.03));
}
.el-popper .popper__arrow:after {
  content: " ";
  border-width: 6px;
}
.el-popper[x-placement^="top"] {
  margin-bottom: 12px;
}
.el-popper[x-placement^="top"] .popper__arrow {
  bottom: -6px;
  left: 50%;
  margin-right: 3px;
  border-top-color: #ebeef5;
  border-bottom-width: 0;
}
.el-popper[x-placement^="top"] .popper__arrow:after {
  bottom: 1px;
  margin-left: -6px;
  border-top-color: #fff;
  border-bottom-width: 0;
}
.el-popper[x-placement^="bottom"] {
  margin-top: 12px;
}
.el-popper[x-placement^="bottom"] .popper__arrow {
  top: -6px;
  left: 50%;
  margin-right: 3px;
  border-top-width: 0;
  border-bottom-color: #ebeef5;
}
.el-popper[x-placement^="bottom"] .popper__arrow:after {
  top: 1px;
  margin-left: -6px;
  border-top-width: 0;
  border-bottom-color: #fff;
}
.el-popper[x-placement^="right"] {
  margin-left: 12px;
}
.el-popper[x-placement^="right"] .popper__arrow {
  top: 50%;
  left: -6px;
  margin-bottom: 3px;
  border-right-color: #ebeef5;
  border-left-width: 0;
}
.el-popper[x-placement^="right"] .popper__arrow:after {
  bottom: -6px;
  left: 1px;
  border-right-color: #fff;
  border-left-width: 0;
}
.el-popper[x-placement^="left"] {
  margin-right: 12px;
}
.el-popper[x-placement^="left"] .popper__arrow {
  top: 50%;
  right: -6px;
  margin-bottom: 3px;
  border-right-width: 0;
  border-left-color: #ebeef5;
}
.el-popper[x-placement^="left"] .popper__arrow:after {
  right: 1px;
  bottom: -6px;
  margin-left: -6px;
  border-right-width: 0;
  border-left-color: #fff;
}
.el-popover {
  position: absolute;
  z-index: 2000;
  min-width: 150px;
  padding: 12px;
  font-size: 14px;
  line-height: 1.4;
  color: #606266;
  text-align: justify;
  word-break: break-all;
  background: #fff;
  border: 1px solid #ebeef5;
  border-radius: 4px;
  -webkit-box-shadow: 0 2px 12px 0 rgba(0, 0, 0, 0.1);
  box-shadow: 0 2px 12px #0000001a;
}
.el-popover--plain {
  padding: 18px 20px;
}
.el-popover__title {
  margin-bottom: 12px;
  font-size: 16px;
  line-height: 1;
  color: #303133;
}
.el-popover__reference:focus:not(.focusing),
.el-popover__reference:focus:hover {
  outline-width: 0;
}
.el-popover:focus:active,
.el-popover:focus {
  outline-width: 0;
}
