.el-result {
  -webkit-box-sizing: border-box;
  box-sizing: border-box;
  display: -webkit-box;
  display: -ms-flexbox;
  display: flex;
  -webkit-box-orient: vertical;
  -webkit-box-direction: normal;
  -ms-flex-direction: column;
  flex-direction: column;
  -webkit-box-align: center;
  -ms-flex-align: center;
  align-items: center;
  -webkit-box-pack: center;
  -ms-flex-pack: center;
  justify-content: center;
  padding: 40px 30px;
  text-align: center;
}
.el-result__icon svg {
  width: 64px;
  height: 64px;
}
.el-result__title {
  margin-top: 20px;
}
.el-result__title p {
  margin: 0;
  font-size: 20px;
  line-height: 1.3;
  color: #303133;
}
.el-result__subtitle {
  margin-top: 10px;
}
.el-result__subtitle p {
  margin: 0;
  font-size: 14px;
  line-height: 1.3;
  color: #606266;
}
.el-result__extra {
  margin-top: 30px;
}
.el-result .icon-success {
  fill: #67c23a;
}
.el-result .icon-error {
  fill: #f56c6c;
}
.el-result .icon-info {
  fill: #909399;
}
.el-result .icon-warning {
  fill: #e6a23c;
}
