.el-textarea {
  position: relative;
  display: inline-block;
  width: 100%;
  font-size: 14px;
  vertical-align: bottom;
}
.el-textarea__inner {
  -webkit-box-sizing: border-box;
  box-sizing: border-box;
  display: block;
  width: 100%;
  padding: 5px 15px;
  font-size: inherit;
  line-height: 1.5;
  color: #606266;
  resize: vertical;
  background-color: #fff;
  background-image: none;
  border: 1px solid #dcdfe6;
  border-radius: 4px;
  -webkit-transition: border-color 0.2s cubic-bezier(0.645, 0.045, 0.355, 1);
  transition: border-color 0.2s cubic-bezier(0.645, 0.045, 0.355, 1);
}
.el-textarea__inner::-webkit-input-placeholder {
  color: #c0c4cc;
}
.el-textarea__inner::-moz-placeholder {
  color: #c0c4cc;
}
.el-textarea__inner:-ms-input-placeholder {
  color: #c0c4cc;
}
.el-textarea__inner::-ms-input-placeholder {
  color: #c0c4cc;
}
.el-textarea__inner::placeholder {
  color: #c0c4cc;
}
.el-textarea__inner:hover {
  border-color: #c0c4cc;
}
.el-textarea__inner:focus {
  outline: none;
  border-color: #409eff;
}
.el-textarea .el-input__count {
  position: absolute;
  right: 10px;
  bottom: 5px;
  font-size: 12px;
  color: #909399;
  background: #fff;
}
.el-textarea.is-disabled .el-textarea__inner {
  color: #c0c4cc;
  cursor: not-allowed;
  background-color: #f5f7fa;
  border-color: #e4e7ed;
}
.el-textarea.is-disabled .el-textarea__inner::-webkit-input-placeholder {
  color: #c0c4cc;
}
.el-textarea.is-disabled .el-textarea__inner::-moz-placeholder {
  color: #c0c4cc;
}
.el-textarea.is-disabled .el-textarea__inner:-ms-input-placeholder {
  color: #c0c4cc;
}
.el-textarea.is-disabled .el-textarea__inner::-ms-input-placeholder {
  color: #c0c4cc;
}
.el-textarea.is-disabled .el-textarea__inner::placeholder {
  color: #c0c4cc;
}
.el-textarea.is-exceed .el-textarea__inner {
  border-color: #f56c6c;
}
.el-textarea.is-exceed .el-input__count {
  color: #f56c6c;
}
.el-input {
  position: relative;
  display: inline-block;
  width: 100%;
  font-size: 14px;
}
.el-input::-webkit-scrollbar {
  z-index: 11;
  width: 6px;
}
.el-input::-webkit-scrollbar:horizontal {
  height: 6px;
}
.el-input::-webkit-scrollbar-thumb {
  width: 6px;
  background: #b4bccc;
  border-radius: 5px;
}
.el-input::-webkit-scrollbar-corner {
  background: #fff;
}
.el-input::-webkit-scrollbar-track {
  background: #fff;
}
.el-input::-webkit-scrollbar-track-piece {
  width: 6px;
  background: #fff;
}
.el-input .el-input__clear {
  font-size: 14px;
  color: #c0c4cc;
  cursor: pointer;
  -webkit-transition: color 0.2s cubic-bezier(0.645, 0.045, 0.355, 1);
  transition: color 0.2s cubic-bezier(0.645, 0.045, 0.355, 1);
}
.el-input .el-input__clear:hover {
  color: #909399;
}
.el-input .el-input__count {
  display: -webkit-inline-box;
  display: -ms-inline-flexbox;
  display: inline-flex;
  -webkit-box-align: center;
  -ms-flex-align: center;
  align-items: center;
  height: 100%;
  font-size: 12px;
  color: #909399;
}
.el-input .el-input__count .el-input__count-inner {
  display: inline-block;
  padding: 0 5px;
  line-height: initial;
  background: #fff;
}
.el-input__inner {
  -webkit-box-sizing: border-box;
  box-sizing: border-box;
  display: inline-block;
  width: 100%;
  height: 40px;
  padding: 0 15px;
  font-size: inherit;
  line-height: 40px;
  color: #606266;
  -webkit-appearance: none;
  -moz-appearance: none;
  appearance: none;
  outline: none;
  background-color: #fff;
  background-image: none;
  border: 1px solid #dcdfe6;
  border-radius: 4px;
  -webkit-transition: border-color 0.2s cubic-bezier(0.645, 0.045, 0.355, 1);
  transition: border-color 0.2s cubic-bezier(0.645, 0.045, 0.355, 1);
}
.el-input__inner::-ms-reveal {
  display: none;
}
.el-input__inner::-webkit-input-placeholder {
  color: #c0c4cc;
}
.el-input__inner::-moz-placeholder {
  color: #c0c4cc;
}
.el-input__inner:-ms-input-placeholder {
  color: #c0c4cc;
}
.el-input__inner::-ms-input-placeholder {
  color: #c0c4cc;
}
.el-input__inner::placeholder {
  color: #c0c4cc;
}
.el-input__inner:hover {
  border-color: #c0c4cc;
}
.el-input__inner:focus {
  outline: none;
  border-color: #409eff;
}
.el-input__suffix {
  position: absolute;
  top: 0;
  right: 5px;
  height: 100%;
  color: #c0c4cc;
  text-align: center;
  pointer-events: none;
  -webkit-transition: all 0.3s;
  transition: all 0.3s;
}
.el-input__suffix-inner {
  pointer-events: all;
}
.el-input__prefix {
  position: absolute;
  top: 0;
  left: 5px;
  height: 100%;
  color: #c0c4cc;
  text-align: center;
  -webkit-transition: all 0.3s;
  transition: all 0.3s;
}
.el-input__icon {
  width: 25px;
  height: 100%;
  line-height: 40px;
  text-align: center;
  -webkit-transition: all 0.3s;
  transition: all 0.3s;
}
.el-input__icon:after {
  display: inline-block;
  width: 0;
  height: 100%;
  vertical-align: middle;
  content: "";
}
.el-input__validateIcon {
  pointer-events: none;
}
.el-input.is-active .el-input__inner {
  outline: none;
  border-color: #409eff;
}
.el-input.is-disabled .el-input__inner {
  color: #c0c4cc;
  cursor: not-allowed;
  background-color: #f5f7fa;
  border-color: #e4e7ed;
}
.el-input.is-disabled .el-input__inner::-webkit-input-placeholder {
  color: #c0c4cc;
}
.el-input.is-disabled .el-input__inner::-moz-placeholder {
  color: #c0c4cc;
}
.el-input.is-disabled .el-input__inner:-ms-input-placeholder {
  color: #c0c4cc;
}
.el-input.is-disabled .el-input__inner::-ms-input-placeholder {
  color: #c0c4cc;
}
.el-input.is-disabled .el-input__inner::placeholder {
  color: #c0c4cc;
}
.el-input.is-disabled .el-input__icon {
  cursor: not-allowed;
}
.el-input.is-exceed .el-input__inner {
  border-color: #f56c6c;
}
.el-input.is-exceed .el-input__suffix .el-input__count {
  color: #f56c6c;
}
.el-input--suffix .el-input__inner {
  padding-right: 30px;
}
.el-input--prefix .el-input__inner {
  padding-left: 30px;
}
.el-input--medium {
  font-size: 14px;
}
.el-input--medium .el-input__inner {
  height: 36px;
  line-height: 36px;
}
.el-input--medium .el-input__icon {
  line-height: 36px;
}
.el-input--small {
  font-size: 13px;
}
.el-input--small .el-input__inner {
  height: 32px;
  line-height: 32px;
}
.el-input--small .el-input__icon {
  line-height: 32px;
}
.el-input--mini {
  font-size: 12px;
}
.el-input--mini .el-input__inner {
  height: 28px;
  line-height: 28px;
}
.el-input--mini .el-input__icon {
  line-height: 28px;
}
.el-input-group {
  display: inline-table;
  width: 100%;
  line-height: normal;
  border-spacing: 0;
  border-collapse: separate;
}
.el-input-group > .el-input__inner {
  display: table-cell;
  vertical-align: middle;
}
.el-input-group__append,
.el-input-group__prepend {
  position: relative;
  display: table-cell;
  width: 1px;
  padding: 0 20px;
  vertical-align: middle;
  color: #909399;
  white-space: nowrap;
  background-color: #f5f7fa;
  border: 1px solid #dcdfe6;
  border-radius: 4px;
}
.el-input-group__append:focus,
.el-input-group__prepend:focus {
  outline: none;
}
.el-input-group__append .el-select,
.el-input-group__append .el-button,
.el-input-group__prepend .el-select,
.el-input-group__prepend .el-button {
  display: inline-block;
  margin: -10px -20px;
}
.el-input-group__append button.el-button,
.el-input-group__append div.el-select .el-input__inner,
.el-input-group__append div.el-select:hover .el-input__inner,
.el-input-group__prepend button.el-button,
.el-input-group__prepend div.el-select .el-input__inner,
.el-input-group__prepend div.el-select:hover .el-input__inner {
  color: inherit;
  background-color: transparent;
  border-color: transparent;
  border-top: 0;
  border-bottom: 0;
}
.el-input-group__append .el-button,
.el-input-group__append .el-input,
.el-input-group__prepend .el-button,
.el-input-group__prepend .el-input {
  font-size: inherit;
}
.el-input-group__prepend {
  border-right: 0;
  border-top-right-radius: 0;
  border-bottom-right-radius: 0;
}
.el-input-group__append {
  border-left: 0;
  border-top-left-radius: 0;
  border-bottom-left-radius: 0;
}
.el-input-group--prepend .el-input__inner {
  border-top-left-radius: 0;
  border-bottom-left-radius: 0;
}
.el-input-group--prepend .el-select .el-input.is-focus .el-input__inner {
  border-color: transparent;
}
.el-input-group--append .el-input__inner {
  border-top-right-radius: 0;
  border-bottom-right-radius: 0;
}
.el-input-group--append .el-select .el-input.is-focus .el-input__inner {
  border-color: transparent;
}
.el-input__inner::-ms-clear {
  display: none;
  width: 0;
  height: 0;
}
.el-input-number {
  position: relative;
  display: inline-block;
  width: 180px;
  line-height: 38px;
}
.el-input-number .el-input {
  display: block;
}
.el-input-number .el-input__inner {
  padding-right: 50px;
  padding-left: 50px;
  text-align: center;
  -webkit-appearance: none;
  -moz-appearance: none;
  appearance: none;
}
.el-input-number__increase,
.el-input-number__decrease {
  position: absolute;
  top: 1px;
  z-index: 1;
  width: 40px;
  height: auto;
  font-size: 13px;
  color: #606266;
  text-align: center;
  cursor: pointer;
  background: #f5f7fa;
}
.el-input-number__increase:hover,
.el-input-number__decrease:hover {
  color: #409eff;
}
.el-input-number__increase:hover:not(.is-disabled)
  ~ .el-input
  .el-input__inner:not(.is-disabled),
.el-input-number__decrease:hover:not(.is-disabled)
  ~ .el-input
  .el-input__inner:not(.is-disabled) {
  border-color: #409eff;
}
.el-input-number__increase.is-disabled,
.el-input-number__decrease.is-disabled {
  color: #c0c4cc;
  cursor: not-allowed;
}
.el-input-number__increase {
  right: 1px;
  border-left: 1px solid #dcdfe6;
  border-radius: 0 4px 4px 0;
}
.el-input-number__decrease {
  left: 1px;
  border-right: 1px solid #dcdfe6;
  border-radius: 4px 0 0 4px;
}
.el-input-number.is-disabled .el-input-number__increase,
.el-input-number.is-disabled .el-input-number__decrease {
  color: #e4e7ed;
  border-color: #e4e7ed;
}
.el-input-number.is-disabled .el-input-number__increase:hover,
.el-input-number.is-disabled .el-input-number__decrease:hover {
  color: #e4e7ed;
  cursor: not-allowed;
}
.el-input-number--medium {
  width: 200px;
  line-height: 34px;
}
.el-input-number--medium .el-input-number__increase,
.el-input-number--medium .el-input-number__decrease {
  width: 36px;
  font-size: 14px;
}
.el-input-number--medium .el-input__inner {
  padding-right: 43px;
  padding-left: 43px;
}
.el-input-number--small {
  width: 130px;
  line-height: 30px;
}
.el-input-number--small .el-input-number__increase,
.el-input-number--small .el-input-number__decrease {
  width: 32px;
  font-size: 13px;
}
.el-input-number--small .el-input-number__increase [class*="el-icon"],
.el-input-number--small .el-input-number__decrease [class*="el-icon"] {
  -webkit-transform: scale(0.9);
  transform: scale(0.9);
}
.el-input-number--small .el-input__inner {
  padding-right: 39px;
  padding-left: 39px;
}
.el-input-number--mini {
  width: 130px;
  line-height: 26px;
}
.el-input-number--mini .el-input-number__increase,
.el-input-number--mini .el-input-number__decrease {
  width: 28px;
  font-size: 12px;
}
.el-input-number--mini .el-input-number__increase [class*="el-icon"],
.el-input-number--mini .el-input-number__decrease [class*="el-icon"] {
  -webkit-transform: scale(0.8);
  transform: scale(0.8);
}
.el-input-number--mini .el-input__inner {
  padding-right: 35px;
  padding-left: 35px;
}
.el-input-number.is-without-controls .el-input__inner {
  padding-right: 15px;
  padding-left: 15px;
}
.el-input-number.is-controls-right .el-input__inner {
  padding-right: 50px;
  padding-left: 15px;
}
.el-input-number.is-controls-right .el-input-number__increase,
.el-input-number.is-controls-right .el-input-number__decrease {
  height: auto;
  line-height: 19px;
}
.el-input-number.is-controls-right
  .el-input-number__increase
  [class*="el-icon"],
.el-input-number.is-controls-right
  .el-input-number__decrease
  [class*="el-icon"] {
  -webkit-transform: scale(0.8);
  transform: scale(0.8);
}
.el-input-number.is-controls-right .el-input-number__increase {
  border-bottom: 1px solid #dcdfe6;
  border-radius: 0 4px 0 0;
}
.el-input-number.is-controls-right .el-input-number__decrease {
  inset: auto 1px 1px auto;
  border-right: none;
  border-left: 1px solid #dcdfe6;
  border-radius: 0 0 4px;
}
.el-input-number.is-controls-right[class*="medium"] [class*="increase"],
.el-input-number.is-controls-right[class*="medium"] [class*="decrease"] {
  line-height: 17px;
}
.el-input-number.is-controls-right[class*="small"] [class*="increase"],
.el-input-number.is-controls-right[class*="small"] [class*="decrease"] {
  line-height: 15px;
}
.el-input-number.is-controls-right[class*="mini"] [class*="increase"],
.el-input-number.is-controls-right[class*="mini"] [class*="decrease"] {
  line-height: 13px;
}
.el-tooltip:focus:not(.focusing),
.el-tooltip:focus:hover {
  outline-width: 0;
}
.el-tooltip__popper {
  position: absolute;
  z-index: 2000;
  min-width: 10px;
  padding: 10px;
  font-size: 12px;
  line-height: 1.2;
  overflow-wrap: break-word;
  border-radius: 4px;
}
.el-tooltip__popper .popper__arrow,
.el-tooltip__popper .popper__arrow:after {
  position: absolute;
  display: block;
  width: 0;
  height: 0;
  border-color: transparent;
  border-style: solid;
}
.el-tooltip__popper .popper__arrow {
  border-width: 6px;
}
.el-tooltip__popper .popper__arrow:after {
  content: " ";
  border-width: 5px;
}
.el-tooltip__popper[x-placement^="top"] {
  margin-bottom: 12px;
}
.el-tooltip__popper[x-placement^="top"] .popper__arrow {
  bottom: -6px;
  border-top-color: #303133;
  border-bottom-width: 0;
}
.el-tooltip__popper[x-placement^="top"] .popper__arrow:after {
  bottom: 1px;
  margin-left: -5px;
  border-top-color: #303133;
  border-bottom-width: 0;
}
.el-tooltip__popper[x-placement^="bottom"] {
  margin-top: 12px;
}
.el-tooltip__popper[x-placement^="bottom"] .popper__arrow {
  top: -6px;
  border-top-width: 0;
  border-bottom-color: #303133;
}
.el-tooltip__popper[x-placement^="bottom"] .popper__arrow:after {
  top: 1px;
  margin-left: -5px;
  border-top-width: 0;
  border-bottom-color: #303133;
}
.el-tooltip__popper[x-placement^="right"] {
  margin-left: 12px;
}
.el-tooltip__popper[x-placement^="right"] .popper__arrow {
  left: -6px;
  border-right-color: #303133;
  border-left-width: 0;
}
.el-tooltip__popper[x-placement^="right"] .popper__arrow:after {
  bottom: -5px;
  left: 1px;
  border-right-color: #303133;
  border-left-width: 0;
}
.el-tooltip__popper[x-placement^="left"] {
  margin-right: 12px;
}
.el-tooltip__popper[x-placement^="left"] .popper__arrow {
  right: -6px;
  border-right-width: 0;
  border-left-color: #303133;
}
.el-tooltip__popper[x-placement^="left"] .popper__arrow:after {
  right: 1px;
  bottom: -5px;
  margin-left: -5px;
  border-right-width: 0;
  border-left-color: #303133;
}
.el-tooltip__popper.is-dark {
  color: #fff;
  background: #303133;
}
.el-tooltip__popper.is-light {
  background: #fff;
  border: 1px solid #303133;
}
.el-tooltip__popper.is-light[x-placement^="top"] .popper__arrow {
  border-top-color: #303133;
}
.el-tooltip__popper.is-light[x-placement^="top"] .popper__arrow:after {
  border-top-color: #fff;
}
.el-tooltip__popper.is-light[x-placement^="bottom"] .popper__arrow {
  border-bottom-color: #303133;
}
.el-tooltip__popper.is-light[x-placement^="bottom"] .popper__arrow:after {
  border-bottom-color: #fff;
}
.el-tooltip__popper.is-light[x-placement^="left"] .popper__arrow {
  border-left-color: #303133;
}
.el-tooltip__popper.is-light[x-placement^="left"] .popper__arrow:after {
  border-left-color: #fff;
}
.el-tooltip__popper.is-light[x-placement^="right"] .popper__arrow {
  border-right-color: #303133;
}
.el-tooltip__popper.is-light[x-placement^="right"] .popper__arrow:after {
  border-right-color: #fff;
}
.el-slider:before,
.el-slider:after {
  display: table;
  content: "";
}
.el-slider:after {
  clear: both;
}
.el-slider__runway {
  position: relative;
  width: 100%;
  height: 6px;
  margin: 16px 0;
  vertical-align: middle;
  cursor: pointer;
  background-color: #e4e7ed;
  border-radius: 3px;
}
.el-slider__runway.show-input {
  width: auto;
  margin-right: 160px;
}
.el-slider__runway.disabled {
  cursor: default;
}
.el-slider__runway.disabled .el-slider__bar {
  background-color: #c0c4cc;
}
.el-slider__runway.disabled .el-slider__button-wrapper:hover,
.el-slider__runway.disabled .el-slider__button-wrapper.hover,
.el-slider__runway.disabled .el-slider__button-wrapper.dragging {
  cursor: not-allowed;
}
.el-slider__runway.disabled .el-slider__button {
  border-color: #c0c4cc;
}
.el-slider__runway.disabled .el-slider__button:hover,
.el-slider__runway.disabled .el-slider__button.hover,
.el-slider__runway.disabled .el-slider__button.dragging {
  -webkit-transform: scale(1);
  transform: scale(1);
}
.el-slider__runway.disabled .el-slider__button:hover,
.el-slider__runway.disabled .el-slider__button.hover,
.el-slider__runway.disabled .el-slider__button.dragging {
  cursor: not-allowed;
}
.el-slider__input {
  float: right;
  width: 130px;
  margin-top: 3px;
}
.el-slider__input.el-input-number--mini {
  margin-top: 5px;
}
.el-slider__input.el-input-number--medium {
  margin-top: 0;
}
.el-slider__input.el-input-number--large {
  margin-top: -2px;
}
.el-slider__bar {
  position: absolute;
  height: 6px;
  background-color: #409eff;
  border-top-left-radius: 3px;
  border-bottom-left-radius: 3px;
}
.el-slider__button-wrapper {
  position: absolute;
  top: -15px;
  z-index: 1001;
  width: 36px;
  height: 36px;
  line-height: normal;
  text-align: center;
  -webkit-user-select: none;
  -moz-user-select: none;
  -ms-user-select: none;
  user-select: none;
  background-color: transparent;
  -webkit-transform: translateX(-50%);
  transform: translate(-50%);
}
.el-slider__button-wrapper:after {
  display: inline-block;
  height: 100%;
  vertical-align: middle;
  content: "";
}
.el-slider__button-wrapper .el-tooltip {
  display: inline-block;
  vertical-align: middle;
}
.el-slider__button-wrapper:hover,
.el-slider__button-wrapper.hover {
  cursor: -webkit-grab;
  cursor: grab;
}
.el-slider__button-wrapper.dragging {
  cursor: -webkit-grabbing;
  cursor: grabbing;
}
.el-slider__button {
  width: 16px;
  height: 16px;
  -webkit-user-select: none;
  -moz-user-select: none;
  -ms-user-select: none;
  user-select: none;
  background-color: #fff;
  border: solid 2px #409eff;
  border-radius: 50%;
  -webkit-transition: 0.2s;
  transition: 0.2s;
}
.el-slider__button:hover,
.el-slider__button.hover,
.el-slider__button.dragging {
  -webkit-transform: scale(1.2);
  transform: scale(1.2);
}
.el-slider__button:hover,
.el-slider__button.hover {
  cursor: -webkit-grab;
  cursor: grab;
}
.el-slider__button.dragging {
  cursor: -webkit-grabbing;
  cursor: grabbing;
}
.el-slider__stop {
  position: absolute;
  width: 6px;
  height: 6px;
  background-color: #fff;
  border-radius: 100%;
  -webkit-transform: translateX(-50%);
  transform: translate(-50%);
}
.el-slider__marks {
  top: 0;
  left: 12px;
  width: 18px;
  height: 100%;
}
.el-slider__marks-text {
  position: absolute;
  margin-top: 15px;
  font-size: 14px;
  color: #909399;
  -webkit-transform: translateX(-50%);
  transform: translate(-50%);
}
.el-slider.is-vertical {
  position: relative;
}
.el-slider.is-vertical .el-slider__runway {
  width: 6px;
  height: 100%;
  margin: 0 16px;
}
.el-slider.is-vertical .el-slider__bar {
  width: 6px;
  height: auto;
  border-radius: 0 0 3px 3px;
}
.el-slider.is-vertical .el-slider__button-wrapper {
  top: auto;
  left: -15px;
  -webkit-transform: translateY(50%);
  transform: translateY(50%);
}
.el-slider.is-vertical .el-slider__stop {
  -webkit-transform: translateY(50%);
  transform: translateY(50%);
}
.el-slider.is-vertical.el-slider--with-input {
  padding-bottom: 58px;
}
.el-slider.is-vertical.el-slider--with-input .el-slider__input {
  position: absolute;
  bottom: 22px;
  float: none;
  width: 36px;
  margin-top: 15px;
  overflow: visible;
}
.el-slider.is-vertical.el-slider--with-input
  .el-slider__input
  .el-input__inner {
  padding-right: 5px;
  padding-left: 5px;
  text-align: center;
}
.el-slider.is-vertical.el-slider--with-input
  .el-slider__input
  .el-input-number__decrease,
.el-slider.is-vertical.el-slider--with-input
  .el-slider__input
  .el-input-number__increase {
  top: 32px;
  -webkit-box-sizing: border-box;
  box-sizing: border-box;
  margin-top: -1px;
  line-height: 20px;
  border: 1px solid #dcdfe6;
  -webkit-transition: border-color 0.2s cubic-bezier(0.645, 0.045, 0.355, 1);
  transition: border-color 0.2s cubic-bezier(0.645, 0.045, 0.355, 1);
}
.el-slider.is-vertical.el-slider--with-input
  .el-slider__input
  .el-input-number__decrease {
  right: 18px;
  width: 18px;
  border-bottom-left-radius: 4px;
}
.el-slider.is-vertical.el-slider--with-input
  .el-slider__input
  .el-input-number__increase {
  width: 19px;
  border-bottom-right-radius: 4px;
}
.el-slider.is-vertical.el-slider--with-input
  .el-slider__input
  .el-input-number__increase
  ~ .el-input
  .el-input__inner {
  border-bottom-right-radius: 0;
  border-bottom-left-radius: 0;
}
.el-slider.is-vertical.el-slider--with-input
  .el-slider__input:hover
  .el-input-number__decrease,
.el-slider.is-vertical.el-slider--with-input
  .el-slider__input:hover
  .el-input-number__increase {
  border-color: #c0c4cc;
}
.el-slider.is-vertical.el-slider--with-input
  .el-slider__input:active
  .el-input-number__decrease,
.el-slider.is-vertical.el-slider--with-input
  .el-slider__input:active
  .el-input-number__increase {
  border-color: #409eff;
}
.el-slider.is-vertical .el-slider__marks-text {
  left: 15px;
  margin-top: 0;
  -webkit-transform: translateY(50%);
  transform: translateY(50%);
}
