.el-switch {
  position: relative;
  display: -webkit-inline-box;
  display: -ms-inline-flexbox;
  display: inline-flex;
  -webkit-box-align: center;
  -ms-flex-align: center;
  align-items: center;
  height: 20px;
  font-size: 14px;
  line-height: 20px;
  vertical-align: middle;
}
.el-switch.is-disabled .el-switch__core,
.el-switch.is-disabled .el-switch__label {
  cursor: not-allowed;
}
.el-switch__label {
  display: inline-block;
  height: 20px;
  font-size: 14px;
  font-weight: 500;
  vertical-align: middle;
  color: #303133;
  cursor: pointer;
  -webkit-transition: 0.2s;
  transition: 0.2s;
}
.el-switch__label.is-active {
  color: #409eff;
}
.el-switch__label--left {
  margin-right: 10px;
}
.el-switch__label--right {
  margin-left: 10px;
}
.el-switch__label * {
  display: inline-block;
  font-size: 14px;
  line-height: 1;
}
.el-switch__input {
  position: absolute;
  width: 0;
  height: 0;
  margin: 0;
  opacity: 0;
}
.el-switch__core {
  position: relative;
  -webkit-box-sizing: border-box;
  box-sizing: border-box;
  display: inline-block;
  width: 40px;
  height: 20px;
  margin: 0;
  vertical-align: middle;
  cursor: pointer;
  outline: none;
  background: #dcdfe6;
  border: 1px solid #dcdfe6;
  border-radius: 10px;
  -webkit-transition:
    border-color 0.3s,
    background-color 0.3s;
  transition:
    border-color 0.3s,
    background-color 0.3s;
}
.el-switch__core:after {
  position: absolute;
  top: 1px;
  left: 1px;
  width: 16px;
  height: 16px;
  content: "";
  background-color: #fff;
  border-radius: 100%;
  -webkit-transition: all 0.3s;
  transition: all 0.3s;
}
.el-switch.is-checked .el-switch__core {
  background-color: #409eff;
  border-color: #409eff;
}
.el-switch.is-checked .el-switch__core:after {
  left: 100%;
  margin-left: -17px;
}
.el-switch.is-disabled {
  opacity: 0.6;
}
.el-switch--wide .el-switch__label.el-switch__label--left span {
  left: 10px;
}
.el-switch--wide .el-switch__label.el-switch__label--right span {
  right: 10px;
}
.el-switch .label-fade-enter,
.el-switch .label-fade-leave-active {
  opacity: 0;
}
