@charset "UTF-8";
.el-checkbox {
  position: relative;
  display: inline-block;
  margin-right: 30px;
  font-size: 14px;
  font-weight: 500;
  color: #606266;
  white-space: nowrap;
  cursor: pointer;
  -webkit-user-select: none;
  -moz-user-select: none;
  -ms-user-select: none;
  user-select: none;
}
.el-checkbox.is-bordered {
  -webkit-box-sizing: border-box;
  box-sizing: border-box;
  height: 40px;
  padding: 9px 20px 9px 10px;
  line-height: normal;
  border: 1px solid #dcdfe6;
  border-radius: 4px;
}
.el-checkbox.is-bordered.is-checked {
  border-color: #409eff;
}
.el-checkbox.is-bordered.is-disabled {
  cursor: not-allowed;
  border-color: #ebeef5;
}
.el-checkbox.is-bordered + .el-checkbox.is-bordered {
  margin-left: 10px;
}
.el-checkbox.is-bordered.el-checkbox--medium {
  height: 36px;
  padding: 7px 20px 7px 10px;
  border-radius: 4px;
}
.el-checkbox.is-bordered.el-checkbox--medium .el-checkbox__label {
  font-size: 14px;
  line-height: 17px;
}
.el-checkbox.is-bordered.el-checkbox--medium .el-checkbox__inner {
  width: 14px;
  height: 14px;
}
.el-checkbox.is-bordered.el-checkbox--small {
  height: 32px;
  padding: 5px 15px 5px 10px;
  border-radius: 3px;
}
.el-checkbox.is-bordered.el-checkbox--small .el-checkbox__label {
  font-size: 12px;
  line-height: 15px;
}
.el-checkbox.is-bordered.el-checkbox--small .el-checkbox__inner {
  width: 12px;
  height: 12px;
}
.el-checkbox.is-bordered.el-checkbox--small .el-checkbox__inner:after {
  width: 2px;
  height: 6px;
}
.el-checkbox.is-bordered.el-checkbox--mini {
  height: 28px;
  padding: 3px 15px 3px 10px;
  border-radius: 3px;
}
.el-checkbox.is-bordered.el-checkbox--mini .el-checkbox__label {
  font-size: 12px;
  line-height: 12px;
}
.el-checkbox.is-bordered.el-checkbox--mini .el-checkbox__inner {
  width: 12px;
  height: 12px;
}
.el-checkbox.is-bordered.el-checkbox--mini .el-checkbox__inner:after {
  width: 2px;
  height: 6px;
}
.el-checkbox__input {
  position: relative;
  display: inline-block;
  line-height: 1;
  vertical-align: middle;
  white-space: nowrap;
  cursor: pointer;
  outline: none;
}
.el-checkbox__input.is-disabled .el-checkbox__inner {
  cursor: not-allowed;
  background-color: #edf2fc;
  border-color: #dcdfe6;
}
.el-checkbox__input.is-disabled .el-checkbox__inner:after {
  cursor: not-allowed;
  border-color: #c0c4cc;
}
.el-checkbox__input.is-disabled .el-checkbox__inner + .el-checkbox__label {
  cursor: not-allowed;
}
.el-checkbox__input.is-disabled.is-checked .el-checkbox__inner {
  background-color: #f2f6fc;
  border-color: #dcdfe6;
}
.el-checkbox__input.is-disabled.is-checked .el-checkbox__inner:after {
  border-color: #c0c4cc;
}
.el-checkbox__input.is-disabled.is-indeterminate .el-checkbox__inner {
  background-color: #f2f6fc;
  border-color: #dcdfe6;
}
.el-checkbox__input.is-disabled.is-indeterminate .el-checkbox__inner:before {
  background-color: #c0c4cc;
  border-color: #c0c4cc;
}
.el-checkbox__input.is-disabled + span.el-checkbox__label {
  color: #c0c4cc;
  cursor: not-allowed;
}
.el-checkbox__input.is-checked .el-checkbox__inner {
  background-color: #409eff;
  border-color: #409eff;
}
.el-checkbox__input.is-checked .el-checkbox__inner:after {
  -webkit-transform: rotate(45deg) scaleY(1);
  transform: rotate(45deg) scaleY(1);
}
.el-checkbox__input.is-checked + .el-checkbox__label {
  color: #409eff;
}
.el-checkbox__input.is-focus .el-checkbox__inner {
  border-color: #409eff;
}
.el-checkbox__input.is-indeterminate .el-checkbox__inner {
  background-color: #409eff;
  border-color: #409eff;
}
.el-checkbox__input.is-indeterminate .el-checkbox__inner:before {
  position: absolute;
  top: 5px;
  right: 0;
  left: 0;
  display: block;
  height: 2px;
  content: "";
  background-color: #fff;
  -webkit-transform: scale(0.5);
  transform: scale(0.5);
}
.el-checkbox__input.is-indeterminate .el-checkbox__inner:after {
  display: none;
}
.el-checkbox__inner {
  position: relative;
  z-index: 1;
  -webkit-box-sizing: border-box;
  box-sizing: border-box;
  display: inline-block;
  width: 14px;
  height: 14px;
  background-color: #fff;
  border: 1px solid #dcdfe6;
  border-radius: 2px;
  -webkit-transition:
    border-color 0.25s cubic-bezier(0.71, -0.46, 0.29, 1.46),
    background-color 0.25s cubic-bezier(0.71, -0.46, 0.29, 1.46);
  transition:
    border-color 0.25s cubic-bezier(0.71, -0.46, 0.29, 1.46),
    background-color 0.25s cubic-bezier(0.71, -0.46, 0.29, 1.46);
}
.el-checkbox__inner:hover {
  border-color: #409eff;
}
.el-checkbox__inner:after {
  position: absolute;
  top: 1px;
  left: 4px;
  -webkit-box-sizing: content-box;
  box-sizing: content-box;
  width: 3px;
  height: 7px;
  content: "";
  border: 1px solid #fff;
  border-top: 0;
  border-left: 0;
  -webkit-transform: rotate(45deg) scaleY(0);
  transform: rotate(45deg) scaleY(0);
  -webkit-transform-origin: center;
  transform-origin: center;
  -webkit-transition: -webkit-transform 0.15s ease-in 0.05s;
  transition: -webkit-transform 0.15s ease-in 0.05s;
  transition: transform 0.15s ease-in 0.05s;
  transition:
    transform 0.15s ease-in 0.05s,
    -webkit-transform 0.15s ease-in 0.05s;
}
.el-checkbox__original {
  position: absolute;
  z-index: -1;
  width: 0;
  height: 0;
  margin: 0;
  outline: none;
  opacity: 0;
}
.el-checkbox__label {
  display: inline-block;
  padding-left: 10px;
  font-size: 14px;
  line-height: 19px;
}
.el-checkbox:last-of-type {
  margin-right: 0;
}
.el-checkbox-button {
  position: relative;
  display: inline-block;
}
.el-checkbox-button__inner {
  position: relative;
  -webkit-box-sizing: border-box;
  box-sizing: border-box;
  display: inline-block;
  margin: 0;
  font-weight: 500;
  line-height: 1;
  vertical-align: middle;
  color: #606266;
  text-align: center;
  white-space: nowrap;
  -webkit-appearance: none;
  -moz-appearance: none;
  appearance: none;
  cursor: pointer;
  outline: none;
  background: #fff;
  border: 1px solid #dcdfe6;
  border-left: 0;
  -webkit-transition: all 0.3s cubic-bezier(0.645, 0.045, 0.355, 1);
  transition: all 0.3s cubic-bezier(0.645, 0.045, 0.355, 1);
  -webkit-user-select: none;
  -moz-user-select: none;
  -ms-user-select: none;
  user-select: none;
  padding: 12px 20px;
  font-size: 14px;
  border-radius: 0;
}
.el-checkbox-button__inner.is-round {
  padding: 12px 20px;
}
.el-checkbox-button__inner:hover {
  color: #409eff;
}
.el-checkbox-button__inner [class*="el-icon-"] {
  line-height: 0.9;
}
.el-checkbox-button__inner [class*="el-icon-"] + span {
  margin-left: 5px;
}
.el-checkbox-button__original {
  position: absolute;
  z-index: -1;
  margin: 0;
  outline: none;
  opacity: 0;
}
.el-checkbox-button.is-checked .el-checkbox-button__inner {
  color: #fff;
  background-color: #409eff;
  border-color: #409eff;
  -webkit-box-shadow: -1px 0 0 0 rgb(140.4, 196.8, 255);
  box-shadow: -1px 0 #8cc5ff;
}
.el-checkbox-button.is-checked:first-child .el-checkbox-button__inner {
  border-left-color: #409eff;
}
.el-checkbox-button.is-disabled .el-checkbox-button__inner {
  color: #c0c4cc;
  cursor: not-allowed;
  background-color: #fff;
  background-image: none;
  border-color: #ebeef5;
  -webkit-box-shadow: none;
  box-shadow: none;
}
.el-checkbox-button.is-disabled:first-child .el-checkbox-button__inner {
  border-left-color: #ebeef5;
}
.el-checkbox-button:first-child .el-checkbox-button__inner {
  border-left: 1px solid #dcdfe6;
  border-radius: 4px 0 0 4px;
  -webkit-box-shadow: none !important;
  box-shadow: none !important;
}
.el-checkbox-button.is-focus .el-checkbox-button__inner {
  border-color: #409eff;
}
.el-checkbox-button:last-child .el-checkbox-button__inner {
  border-radius: 0 4px 4px 0;
}
.el-checkbox-button--medium .el-checkbox-button__inner {
  padding: 10px 20px;
  font-size: 14px;
  border-radius: 0;
}
.el-checkbox-button--medium .el-checkbox-button__inner.is-round {
  padding: 10px 20px;
}
.el-checkbox-button--small .el-checkbox-button__inner {
  padding: 9px 15px;
  font-size: 12px;
  border-radius: 0;
}
.el-checkbox-button--small .el-checkbox-button__inner.is-round {
  padding: 9px 15px;
}
.el-checkbox-button--mini .el-checkbox-button__inner {
  padding: 7px 15px;
  font-size: 12px;
  border-radius: 0;
}
.el-checkbox-button--mini .el-checkbox-button__inner.is-round {
  padding: 7px 15px;
}
.el-checkbox-group {
  font-size: 0;
}
.el-tag {
  color: #409eff;
  background-color: #ecf5ff;
  border-color: #d9ecff;
}
.el-tag.is-hit {
  border-color: #409eff;
}
.el-tag .el-tag__close {
  color: #409eff;
}
.el-tag .el-tag__close:hover {
  color: #fff;
  background-color: #409eff;
}
.el-tag.el-tag--info {
  color: #909399;
  background-color: #f4f4f5;
  border-color: #e9e9eb;
}
.el-tag.el-tag--info.is-hit {
  border-color: #909399;
}
.el-tag.el-tag--info .el-tag__close {
  color: #909399;
}
.el-tag.el-tag--info .el-tag__close:hover {
  color: #fff;
  background-color: #909399;
}
.el-tag.el-tag--success {
  color: #67c23a;
  background-color: #f0f9eb;
  border-color: #e1f3d8;
}
.el-tag.el-tag--success.is-hit {
  border-color: #67c23a;
}
.el-tag.el-tag--success .el-tag__close {
  color: #67c23a;
}
.el-tag.el-tag--success .el-tag__close:hover {
  color: #fff;
  background-color: #67c23a;
}
.el-tag.el-tag--warning {
  color: #e6a23c;
  background-color: #fdf6ec;
  border-color: #faecd8;
}
.el-tag.el-tag--warning.is-hit {
  border-color: #e6a23c;
}
.el-tag.el-tag--warning .el-tag__close {
  color: #e6a23c;
}
.el-tag.el-tag--warning .el-tag__close:hover {
  color: #fff;
  background-color: #e6a23c;
}
.el-tag.el-tag--danger {
  color: #f56c6c;
  background-color: #fef0f0;
  border-color: #fde2e2;
}
.el-tag.el-tag--danger.is-hit {
  border-color: #f56c6c;
}
.el-tag.el-tag--danger .el-tag__close {
  color: #f56c6c;
}
.el-tag.el-tag--danger .el-tag__close:hover {
  color: #fff;
  background-color: #f56c6c;
}
.el-tag {
  -webkit-box-sizing: border-box;
  box-sizing: border-box;
  display: inline-block;
  height: 32px;
  padding: 0 10px;
  font-size: 12px;
  line-height: 30px;
  color: #409eff;
  white-space: nowrap;
  border-style: solid;
  border-width: 1px;
  border-radius: 4px;
}
.el-tag .el-icon-close {
  position: relative;
  top: -1px;
  right: -5px;
  width: 16px;
  height: 16px;
  font-size: 12px;
  line-height: 16px;
  vertical-align: middle;
  text-align: center;
  cursor: pointer;
  border-radius: 50%;
}
.el-tag .el-icon-close:before {
  display: block;
}
.el-tag--dark {
  color: #fff;
  background-color: #409eff;
  border-color: #409eff;
}
.el-tag--dark.is-hit {
  border-color: #409eff;
}
.el-tag--dark .el-tag__close {
  color: #fff;
}
.el-tag--dark .el-tag__close:hover {
  color: #fff;
  background-color: #66b1ff;
}
.el-tag--dark.el-tag--info {
  color: #fff;
  background-color: #909399;
  border-color: #909399;
}
.el-tag--dark.el-tag--info.is-hit {
  border-color: #909399;
}
.el-tag--dark.el-tag--info .el-tag__close {
  color: #fff;
}
.el-tag--dark.el-tag--info .el-tag__close:hover {
  color: #fff;
  background-color: #a6a9ad;
}
.el-tag--dark.el-tag--success {
  color: #fff;
  background-color: #67c23a;
  border-color: #67c23a;
}
.el-tag--dark.el-tag--success.is-hit {
  border-color: #67c23a;
}
.el-tag--dark.el-tag--success .el-tag__close {
  color: #fff;
}
.el-tag--dark.el-tag--success .el-tag__close:hover {
  color: #fff;
  background-color: #85ce61;
}
.el-tag--dark.el-tag--warning {
  color: #fff;
  background-color: #e6a23c;
  border-color: #e6a23c;
}
.el-tag--dark.el-tag--warning.is-hit {
  border-color: #e6a23c;
}
.el-tag--dark.el-tag--warning .el-tag__close {
  color: #fff;
}
.el-tag--dark.el-tag--warning .el-tag__close:hover {
  color: #fff;
  background-color: #ebb563;
}
.el-tag--dark.el-tag--danger {
  color: #fff;
  background-color: #f56c6c;
  border-color: #f56c6c;
}
.el-tag--dark.el-tag--danger.is-hit {
  border-color: #f56c6c;
}
.el-tag--dark.el-tag--danger .el-tag__close {
  color: #fff;
}
.el-tag--dark.el-tag--danger .el-tag__close:hover {
  color: #fff;
  background-color: #f78989;
}
.el-tag--plain {
  color: #409eff;
  background-color: #fff;
  border-color: #b3d8ff;
}
.el-tag--plain.is-hit {
  border-color: #409eff;
}
.el-tag--plain .el-tag__close {
  color: #409eff;
}
.el-tag--plain .el-tag__close:hover {
  color: #fff;
  background-color: #409eff;
}
.el-tag--plain.el-tag--info {
  color: #909399;
  background-color: #fff;
  border-color: #d3d4d6;
}
.el-tag--plain.el-tag--info.is-hit {
  border-color: #909399;
}
.el-tag--plain.el-tag--info .el-tag__close {
  color: #909399;
}
.el-tag--plain.el-tag--info .el-tag__close:hover {
  color: #fff;
  background-color: #909399;
}
.el-tag--plain.el-tag--success {
  color: #67c23a;
  background-color: #fff;
  border-color: #c2e7b0;
}
.el-tag--plain.el-tag--success.is-hit {
  border-color: #67c23a;
}
.el-tag--plain.el-tag--success .el-tag__close {
  color: #67c23a;
}
.el-tag--plain.el-tag--success .el-tag__close:hover {
  color: #fff;
  background-color: #67c23a;
}
.el-tag--plain.el-tag--warning {
  color: #e6a23c;
  background-color: #fff;
  border-color: #f5dab1;
}
.el-tag--plain.el-tag--warning.is-hit {
  border-color: #e6a23c;
}
.el-tag--plain.el-tag--warning .el-tag__close {
  color: #e6a23c;
}
.el-tag--plain.el-tag--warning .el-tag__close:hover {
  color: #fff;
  background-color: #e6a23c;
}
.el-tag--plain.el-tag--danger {
  color: #f56c6c;
  background-color: #fff;
  border-color: #fbc4c4;
}
.el-tag--plain.el-tag--danger.is-hit {
  border-color: #f56c6c;
}
.el-tag--plain.el-tag--danger .el-tag__close {
  color: #f56c6c;
}
.el-tag--plain.el-tag--danger .el-tag__close:hover {
  color: #fff;
  background-color: #f56c6c;
}
.el-tag--medium {
  height: 28px;
  line-height: 26px;
}
.el-tag--medium .el-icon-close {
  -webkit-transform: scale(0.8);
  transform: scale(0.8);
}
.el-tag--small {
  height: 24px;
  padding: 0 8px;
  line-height: 22px;
}
.el-tag--small .el-icon-close {
  -webkit-transform: scale(0.8);
  transform: scale(0.8);
}
.el-tag--mini {
  height: 20px;
  padding: 0 5px;
  line-height: 19px;
}
.el-tag--mini .el-icon-close {
  margin-left: -3px;
  -webkit-transform: scale(0.7);
  transform: scale(0.7);
}
.el-table-column--selection .cell {
  padding-right: 14px;
  padding-left: 14px;
}
.el-table-filter {
  -webkit-box-sizing: border-box;
  box-sizing: border-box;
  margin: 2px 0;
  background-color: #fff;
  border: solid 1px #ebeef5;
  border-radius: 2px;
  -webkit-box-shadow: 0 2px 12px 0 rgba(0, 0, 0, 0.1);
  box-shadow: 0 2px 12px #0000001a;
}
.el-table-filter__list {
  min-width: 100px;
  padding: 5px 0;
  margin: 0;
  list-style: none;
}
.el-table-filter__list-item {
  padding: 0 10px;
  font-size: 14px;
  line-height: 36px;
  cursor: pointer;
}
.el-table-filter__list-item:hover {
  color: #66b1ff;
  background-color: #ecf5ff;
}
.el-table-filter__list-item.is-active {
  color: #fff;
  background-color: #409eff;
}
.el-table-filter__content {
  min-width: 100px;
}
.el-table-filter__bottom {
  padding: 8px;
  border-top: 1px solid #ebeef5;
}
.el-table-filter__bottom button {
  padding: 0 3px;
  font-size: 13px;
  color: #606266;
  cursor: pointer;
  background: transparent;
  border: none;
}
.el-table-filter__bottom button:hover {
  color: #409eff;
}
.el-table-filter__bottom button:focus {
  outline: none;
}
.el-table-filter__bottom button.is-disabled {
  color: #c0c4cc;
  cursor: not-allowed;
}
.el-table-filter__wrap {
  max-height: 280px;
}
.el-table-filter__checkbox-group {
  padding: 10px;
}
.el-table-filter__checkbox-group label.el-checkbox {
  display: block;
  margin-right: 5px;
  margin-bottom: 8px;
  margin-left: 5px;
}
.el-table-filter__checkbox-group .el-checkbox:last-child {
  margin-bottom: 0;
}
