@charset "UTF-8";
.el-checkbox {
  position: relative;
  display: inline-block;
  margin-right: 30px;
  font-size: 14px;
  font-weight: 500;
  color: #606266;
  white-space: nowrap;
  cursor: pointer;
  -webkit-user-select: none;
  -moz-user-select: none;
  -ms-user-select: none;
  user-select: none;
}
.el-checkbox.is-bordered {
  -webkit-box-sizing: border-box;
  box-sizing: border-box;
  height: 40px;
  padding: 9px 20px 9px 10px;
  line-height: normal;
  border: 1px solid #dcdfe6;
  border-radius: 4px;
}
.el-checkbox.is-bordered.is-checked {
  border-color: #409eff;
}
.el-checkbox.is-bordered.is-disabled {
  cursor: not-allowed;
  border-color: #ebeef5;
}
.el-checkbox.is-bordered + .el-checkbox.is-bordered {
  margin-left: 10px;
}
.el-checkbox.is-bordered.el-checkbox--medium {
  height: 36px;
  padding: 7px 20px 7px 10px;
  border-radius: 4px;
}
.el-checkbox.is-bordered.el-checkbox--medium .el-checkbox__label {
  font-size: 14px;
  line-height: 17px;
}
.el-checkbox.is-bordered.el-checkbox--medium .el-checkbox__inner {
  width: 14px;
  height: 14px;
}
.el-checkbox.is-bordered.el-checkbox--small {
  height: 32px;
  padding: 5px 15px 5px 10px;
  border-radius: 3px;
}
.el-checkbox.is-bordered.el-checkbox--small .el-checkbox__label {
  font-size: 12px;
  line-height: 15px;
}
.el-checkbox.is-bordered.el-checkbox--small .el-checkbox__inner {
  width: 12px;
  height: 12px;
}
.el-checkbox.is-bordered.el-checkbox--small .el-checkbox__inner:after {
  width: 2px;
  height: 6px;
}
.el-checkbox.is-bordered.el-checkbox--mini {
  height: 28px;
  padding: 3px 15px 3px 10px;
  border-radius: 3px;
}
.el-checkbox.is-bordered.el-checkbox--mini .el-checkbox__label {
  font-size: 12px;
  line-height: 12px;
}
.el-checkbox.is-bordered.el-checkbox--mini .el-checkbox__inner {
  width: 12px;
  height: 12px;
}
.el-checkbox.is-bordered.el-checkbox--mini .el-checkbox__inner:after {
  width: 2px;
  height: 6px;
}
.el-checkbox__input {
  position: relative;
  display: inline-block;
  line-height: 1;
  vertical-align: middle;
  white-space: nowrap;
  cursor: pointer;
  outline: none;
}
.el-checkbox__input.is-disabled .el-checkbox__inner {
  cursor: not-allowed;
  background-color: #edf2fc;
  border-color: #dcdfe6;
}
.el-checkbox__input.is-disabled .el-checkbox__inner:after {
  cursor: not-allowed;
  border-color: #c0c4cc;
}
.el-checkbox__input.is-disabled .el-checkbox__inner + .el-checkbox__label {
  cursor: not-allowed;
}
.el-checkbox__input.is-disabled.is-checked .el-checkbox__inner {
  background-color: #f2f6fc;
  border-color: #dcdfe6;
}
.el-checkbox__input.is-disabled.is-checked .el-checkbox__inner:after {
  border-color: #c0c4cc;
}
.el-checkbox__input.is-disabled.is-indeterminate .el-checkbox__inner {
  background-color: #f2f6fc;
  border-color: #dcdfe6;
}
.el-checkbox__input.is-disabled.is-indeterminate .el-checkbox__inner:before {
  background-color: #c0c4cc;
  border-color: #c0c4cc;
}
.el-checkbox__input.is-disabled + span.el-checkbox__label {
  color: #c0c4cc;
  cursor: not-allowed;
}
.el-checkbox__input.is-checked .el-checkbox__inner {
  background-color: #409eff;
  border-color: #409eff;
}
.el-checkbox__input.is-checked .el-checkbox__inner:after {
  -webkit-transform: rotate(45deg) scaleY(1);
  transform: rotate(45deg) scaleY(1);
}
.el-checkbox__input.is-checked + .el-checkbox__label {
  color: #409eff;
}
.el-checkbox__input.is-focus .el-checkbox__inner {
  border-color: #409eff;
}
.el-checkbox__input.is-indeterminate .el-checkbox__inner {
  background-color: #409eff;
  border-color: #409eff;
}
.el-checkbox__input.is-indeterminate .el-checkbox__inner:before {
  position: absolute;
  top: 5px;
  right: 0;
  left: 0;
  display: block;
  height: 2px;
  content: "";
  background-color: #fff;
  -webkit-transform: scale(0.5);
  transform: scale(0.5);
}
.el-checkbox__input.is-indeterminate .el-checkbox__inner:after {
  display: none;
}
.el-checkbox__inner {
  position: relative;
  z-index: 1;
  -webkit-box-sizing: border-box;
  box-sizing: border-box;
  display: inline-block;
  width: 14px;
  height: 14px;
  background-color: #fff;
  border: 1px solid #dcdfe6;
  border-radius: 2px;
  -webkit-transition:
    border-color 0.25s cubic-bezier(0.71, -0.46, 0.29, 1.46),
    background-color 0.25s cubic-bezier(0.71, -0.46, 0.29, 1.46);
  transition:
    border-color 0.25s cubic-bezier(0.71, -0.46, 0.29, 1.46),
    background-color 0.25s cubic-bezier(0.71, -0.46, 0.29, 1.46);
}
.el-checkbox__inner:hover {
  border-color: #409eff;
}
.el-checkbox__inner:after {
  position: absolute;
  top: 1px;
  left: 4px;
  -webkit-box-sizing: content-box;
  box-sizing: content-box;
  width: 3px;
  height: 7px;
  content: "";
  border: 1px solid #fff;
  border-top: 0;
  border-left: 0;
  -webkit-transform: rotate(45deg) scaleY(0);
  transform: rotate(45deg) scaleY(0);
  -webkit-transform-origin: center;
  transform-origin: center;
  -webkit-transition: -webkit-transform 0.15s ease-in 0.05s;
  transition: -webkit-transform 0.15s ease-in 0.05s;
  transition: transform 0.15s ease-in 0.05s;
  transition:
    transform 0.15s ease-in 0.05s,
    -webkit-transform 0.15s ease-in 0.05s;
}
.el-checkbox__original {
  position: absolute;
  z-index: -1;
  width: 0;
  height: 0;
  margin: 0;
  outline: none;
  opacity: 0;
}
.el-checkbox__label {
  display: inline-block;
  padding-left: 10px;
  font-size: 14px;
  line-height: 19px;
}
.el-checkbox:last-of-type {
  margin-right: 0;
}
.el-checkbox-button {
  position: relative;
  display: inline-block;
}
.el-checkbox-button__inner {
  position: relative;
  -webkit-box-sizing: border-box;
  box-sizing: border-box;
  display: inline-block;
  margin: 0;
  font-weight: 500;
  line-height: 1;
  vertical-align: middle;
  color: #606266;
  text-align: center;
  white-space: nowrap;
  -webkit-appearance: none;
  -moz-appearance: none;
  appearance: none;
  cursor: pointer;
  outline: none;
  background: #fff;
  border: 1px solid #dcdfe6;
  border-left: 0;
  -webkit-transition: all 0.3s cubic-bezier(0.645, 0.045, 0.355, 1);
  transition: all 0.3s cubic-bezier(0.645, 0.045, 0.355, 1);
  -webkit-user-select: none;
  -moz-user-select: none;
  -ms-user-select: none;
  user-select: none;
  padding: 12px 20px;
  font-size: 14px;
  border-radius: 0;
}
.el-checkbox-button__inner.is-round {
  padding: 12px 20px;
}
.el-checkbox-button__inner:hover {
  color: #409eff;
}
.el-checkbox-button__inner [class*="el-icon-"] {
  line-height: 0.9;
}
.el-checkbox-button__inner [class*="el-icon-"] + span {
  margin-left: 5px;
}
.el-checkbox-button__original {
  position: absolute;
  z-index: -1;
  margin: 0;
  outline: none;
  opacity: 0;
}
.el-checkbox-button.is-checked .el-checkbox-button__inner {
  color: #fff;
  background-color: #409eff;
  border-color: #409eff;
  -webkit-box-shadow: -1px 0 0 0 rgb(140.4, 196.8, 255);
  box-shadow: -1px 0 #8cc5ff;
}
.el-checkbox-button.is-checked:first-child .el-checkbox-button__inner {
  border-left-color: #409eff;
}
.el-checkbox-button.is-disabled .el-checkbox-button__inner {
  color: #c0c4cc;
  cursor: not-allowed;
  background-color: #fff;
  background-image: none;
  border-color: #ebeef5;
  -webkit-box-shadow: none;
  box-shadow: none;
}
.el-checkbox-button.is-disabled:first-child .el-checkbox-button__inner {
  border-left-color: #ebeef5;
}
.el-checkbox-button:first-child .el-checkbox-button__inner {
  border-left: 1px solid #dcdfe6;
  border-radius: 4px 0 0 4px;
  -webkit-box-shadow: none !important;
  box-shadow: none !important;
}
.el-checkbox-button.is-focus .el-checkbox-button__inner {
  border-color: #409eff;
}
.el-checkbox-button:last-child .el-checkbox-button__inner {
  border-radius: 0 4px 4px 0;
}
.el-checkbox-button--medium .el-checkbox-button__inner {
  padding: 10px 20px;
  font-size: 14px;
  border-radius: 0;
}
.el-checkbox-button--medium .el-checkbox-button__inner.is-round {
  padding: 10px 20px;
}
.el-checkbox-button--small .el-checkbox-button__inner {
  padding: 9px 15px;
  font-size: 12px;
  border-radius: 0;
}
.el-checkbox-button--small .el-checkbox-button__inner.is-round {
  padding: 9px 15px;
}
.el-checkbox-button--mini .el-checkbox-button__inner {
  padding: 7px 15px;
  font-size: 12px;
  border-radius: 0;
}
.el-checkbox-button--mini .el-checkbox-button__inner.is-round {
  padding: 7px 15px;
}
.el-checkbox-group {
  font-size: 0;
}
.el-tag {
  color: #409eff;
  background-color: #ecf5ff;
  border-color: #d9ecff;
}
.el-tag.is-hit {
  border-color: #409eff;
}
.el-tag .el-tag__close {
  color: #409eff;
}
.el-tag .el-tag__close:hover {
  color: #fff;
  background-color: #409eff;
}
.el-tag.el-tag--info {
  color: #909399;
  background-color: #f4f4f5;
  border-color: #e9e9eb;
}
.el-tag.el-tag--info.is-hit {
  border-color: #909399;
}
.el-tag.el-tag--info .el-tag__close {
  color: #909399;
}
.el-tag.el-tag--info .el-tag__close:hover {
  color: #fff;
  background-color: #909399;
}
.el-tag.el-tag--success {
  color: #67c23a;
  background-color: #f0f9eb;
  border-color: #e1f3d8;
}
.el-tag.el-tag--success.is-hit {
  border-color: #67c23a;
}
.el-tag.el-tag--success .el-tag__close {
  color: #67c23a;
}
.el-tag.el-tag--success .el-tag__close:hover {
  color: #fff;
  background-color: #67c23a;
}
.el-tag.el-tag--warning {
  color: #e6a23c;
  background-color: #fdf6ec;
  border-color: #faecd8;
}
.el-tag.el-tag--warning.is-hit {
  border-color: #e6a23c;
}
.el-tag.el-tag--warning .el-tag__close {
  color: #e6a23c;
}
.el-tag.el-tag--warning .el-tag__close:hover {
  color: #fff;
  background-color: #e6a23c;
}
.el-tag.el-tag--danger {
  color: #f56c6c;
  background-color: #fef0f0;
  border-color: #fde2e2;
}
.el-tag.el-tag--danger.is-hit {
  border-color: #f56c6c;
}
.el-tag.el-tag--danger .el-tag__close {
  color: #f56c6c;
}
.el-tag.el-tag--danger .el-tag__close:hover {
  color: #fff;
  background-color: #f56c6c;
}
.el-tag {
  -webkit-box-sizing: border-box;
  box-sizing: border-box;
  display: inline-block;
  height: 32px;
  padding: 0 10px;
  font-size: 12px;
  line-height: 30px;
  color: #409eff;
  white-space: nowrap;
  border-style: solid;
  border-width: 1px;
  border-radius: 4px;
}
.el-tag .el-icon-close {
  position: relative;
  top: -1px;
  right: -5px;
  width: 16px;
  height: 16px;
  font-size: 12px;
  line-height: 16px;
  vertical-align: middle;
  text-align: center;
  cursor: pointer;
  border-radius: 50%;
}
.el-tag .el-icon-close:before {
  display: block;
}
.el-tag--dark {
  color: #fff;
  background-color: #409eff;
  border-color: #409eff;
}
.el-tag--dark.is-hit {
  border-color: #409eff;
}
.el-tag--dark .el-tag__close {
  color: #fff;
}
.el-tag--dark .el-tag__close:hover {
  color: #fff;
  background-color: #66b1ff;
}
.el-tag--dark.el-tag--info {
  color: #fff;
  background-color: #909399;
  border-color: #909399;
}
.el-tag--dark.el-tag--info.is-hit {
  border-color: #909399;
}
.el-tag--dark.el-tag--info .el-tag__close {
  color: #fff;
}
.el-tag--dark.el-tag--info .el-tag__close:hover {
  color: #fff;
  background-color: #a6a9ad;
}
.el-tag--dark.el-tag--success {
  color: #fff;
  background-color: #67c23a;
  border-color: #67c23a;
}
.el-tag--dark.el-tag--success.is-hit {
  border-color: #67c23a;
}
.el-tag--dark.el-tag--success .el-tag__close {
  color: #fff;
}
.el-tag--dark.el-tag--success .el-tag__close:hover {
  color: #fff;
  background-color: #85ce61;
}
.el-tag--dark.el-tag--warning {
  color: #fff;
  background-color: #e6a23c;
  border-color: #e6a23c;
}
.el-tag--dark.el-tag--warning.is-hit {
  border-color: #e6a23c;
}
.el-tag--dark.el-tag--warning .el-tag__close {
  color: #fff;
}
.el-tag--dark.el-tag--warning .el-tag__close:hover {
  color: #fff;
  background-color: #ebb563;
}
.el-tag--dark.el-tag--danger {
  color: #fff;
  background-color: #f56c6c;
  border-color: #f56c6c;
}
.el-tag--dark.el-tag--danger.is-hit {
  border-color: #f56c6c;
}
.el-tag--dark.el-tag--danger .el-tag__close {
  color: #fff;
}
.el-tag--dark.el-tag--danger .el-tag__close:hover {
  color: #fff;
  background-color: #f78989;
}
.el-tag--plain {
  color: #409eff;
  background-color: #fff;
  border-color: #b3d8ff;
}
.el-tag--plain.is-hit {
  border-color: #409eff;
}
.el-tag--plain .el-tag__close {
  color: #409eff;
}
.el-tag--plain .el-tag__close:hover {
  color: #fff;
  background-color: #409eff;
}
.el-tag--plain.el-tag--info {
  color: #909399;
  background-color: #fff;
  border-color: #d3d4d6;
}
.el-tag--plain.el-tag--info.is-hit {
  border-color: #909399;
}
.el-tag--plain.el-tag--info .el-tag__close {
  color: #909399;
}
.el-tag--plain.el-tag--info .el-tag__close:hover {
  color: #fff;
  background-color: #909399;
}
.el-tag--plain.el-tag--success {
  color: #67c23a;
  background-color: #fff;
  border-color: #c2e7b0;
}
.el-tag--plain.el-tag--success.is-hit {
  border-color: #67c23a;
}
.el-tag--plain.el-tag--success .el-tag__close {
  color: #67c23a;
}
.el-tag--plain.el-tag--success .el-tag__close:hover {
  color: #fff;
  background-color: #67c23a;
}
.el-tag--plain.el-tag--warning {
  color: #e6a23c;
  background-color: #fff;
  border-color: #f5dab1;
}
.el-tag--plain.el-tag--warning.is-hit {
  border-color: #e6a23c;
}
.el-tag--plain.el-tag--warning .el-tag__close {
  color: #e6a23c;
}
.el-tag--plain.el-tag--warning .el-tag__close:hover {
  color: #fff;
  background-color: #e6a23c;
}
.el-tag--plain.el-tag--danger {
  color: #f56c6c;
  background-color: #fff;
  border-color: #fbc4c4;
}
.el-tag--plain.el-tag--danger.is-hit {
  border-color: #f56c6c;
}
.el-tag--plain.el-tag--danger .el-tag__close {
  color: #f56c6c;
}
.el-tag--plain.el-tag--danger .el-tag__close:hover {
  color: #fff;
  background-color: #f56c6c;
}
.el-tag--medium {
  height: 28px;
  line-height: 26px;
}
.el-tag--medium .el-icon-close {
  -webkit-transform: scale(0.8);
  transform: scale(0.8);
}
.el-tag--small {
  height: 24px;
  padding: 0 8px;
  line-height: 22px;
}
.el-tag--small .el-icon-close {
  -webkit-transform: scale(0.8);
  transform: scale(0.8);
}
.el-tag--mini {
  height: 20px;
  padding: 0 5px;
  line-height: 19px;
}
.el-tag--mini .el-icon-close {
  margin-left: -3px;
  -webkit-transform: scale(0.7);
  transform: scale(0.7);
}
.el-tooltip:focus:not(.focusing),
.el-tooltip:focus:hover {
  outline-width: 0;
}
.el-tooltip__popper {
  position: absolute;
  z-index: 2000;
  min-width: 10px;
  padding: 10px;
  font-size: 12px;
  line-height: 1.2;
  overflow-wrap: break-word;
  border-radius: 4px;
}
.el-tooltip__popper .popper__arrow,
.el-tooltip__popper .popper__arrow:after {
  position: absolute;
  display: block;
  width: 0;
  height: 0;
  border-color: transparent;
  border-style: solid;
}
.el-tooltip__popper .popper__arrow {
  border-width: 6px;
}
.el-tooltip__popper .popper__arrow:after {
  content: " ";
  border-width: 5px;
}
.el-tooltip__popper[x-placement^="top"] {
  margin-bottom: 12px;
}
.el-tooltip__popper[x-placement^="top"] .popper__arrow {
  bottom: -6px;
  border-top-color: #303133;
  border-bottom-width: 0;
}
.el-tooltip__popper[x-placement^="top"] .popper__arrow:after {
  bottom: 1px;
  margin-left: -5px;
  border-top-color: #303133;
  border-bottom-width: 0;
}
.el-tooltip__popper[x-placement^="bottom"] {
  margin-top: 12px;
}
.el-tooltip__popper[x-placement^="bottom"] .popper__arrow {
  top: -6px;
  border-top-width: 0;
  border-bottom-color: #303133;
}
.el-tooltip__popper[x-placement^="bottom"] .popper__arrow:after {
  top: 1px;
  margin-left: -5px;
  border-top-width: 0;
  border-bottom-color: #303133;
}
.el-tooltip__popper[x-placement^="right"] {
  margin-left: 12px;
}
.el-tooltip__popper[x-placement^="right"] .popper__arrow {
  left: -6px;
  border-right-color: #303133;
  border-left-width: 0;
}
.el-tooltip__popper[x-placement^="right"] .popper__arrow:after {
  bottom: -5px;
  left: 1px;
  border-right-color: #303133;
  border-left-width: 0;
}
.el-tooltip__popper[x-placement^="left"] {
  margin-right: 12px;
}
.el-tooltip__popper[x-placement^="left"] .popper__arrow {
  right: -6px;
  border-right-width: 0;
  border-left-color: #303133;
}
.el-tooltip__popper[x-placement^="left"] .popper__arrow:after {
  right: 1px;
  bottom: -5px;
  margin-left: -5px;
  border-right-width: 0;
  border-left-color: #303133;
}
.el-tooltip__popper.is-dark {
  color: #fff;
  background: #303133;
}
.el-tooltip__popper.is-light {
  background: #fff;
  border: 1px solid #303133;
}
.el-tooltip__popper.is-light[x-placement^="top"] .popper__arrow {
  border-top-color: #303133;
}
.el-tooltip__popper.is-light[x-placement^="top"] .popper__arrow:after {
  border-top-color: #fff;
}
.el-tooltip__popper.is-light[x-placement^="bottom"] .popper__arrow {
  border-bottom-color: #303133;
}
.el-tooltip__popper.is-light[x-placement^="bottom"] .popper__arrow:after {
  border-bottom-color: #fff;
}
.el-tooltip__popper.is-light[x-placement^="left"] .popper__arrow {
  border-left-color: #303133;
}
.el-tooltip__popper.is-light[x-placement^="left"] .popper__arrow:after {
  border-left-color: #fff;
}
.el-tooltip__popper.is-light[x-placement^="right"] .popper__arrow {
  border-right-color: #303133;
}
.el-tooltip__popper.is-light[x-placement^="right"] .popper__arrow:after {
  border-right-color: #fff;
}
.el-table {
  position: relative;
  -webkit-box-sizing: border-box;
  box-sizing: border-box;
  -webkit-box-flex: 1;
  -ms-flex: 1;
  flex: 1;
  width: 100%;
  max-width: 100%;
  overflow: hidden;
  font-size: 14px;
  color: #606266;
  background-color: #fff;
}
.el-table__empty-block {
  display: -webkit-box;
  display: -ms-flexbox;
  display: flex;
  -webkit-box-align: center;
  -ms-flex-align: center;
  align-items: center;
  -webkit-box-pack: center;
  -ms-flex-pack: center;
  justify-content: center;
  width: 100%;
  min-height: 60px;
  text-align: center;
}
.el-table__empty-text {
  width: 50%;
  line-height: 60px;
  color: #909399;
}
.el-table__expand-column .cell {
  padding: 0;
  text-align: center;
}
.el-table__expand-icon {
  position: relative;
  height: 20px;
  font-size: 12px;
  color: #666;
  cursor: pointer;
  -webkit-transition: -webkit-transform 0.2s ease-in-out;
  transition: -webkit-transform 0.2s ease-in-out;
  transition: transform 0.2s ease-in-out;
  transition:
    transform 0.2s ease-in-out,
    -webkit-transform 0.2s ease-in-out;
}
.el-table__expand-icon--expanded {
  -webkit-transform: rotate(90deg);
  transform: rotate(90deg);
}
.el-table__expand-icon > .el-icon {
  position: absolute;
  top: 50%;
  left: 50%;
  margin-top: -5px;
  margin-left: -5px;
}
.el-table__expanded-cell {
  background-color: #fff;
}
.el-table__expanded-cell[class*="cell"] {
  padding: 20px 50px;
}
.el-table__expanded-cell:hover {
  background-color: transparent !important;
}
.el-table__placeholder {
  display: inline-block;
  width: 20px;
}
.el-table__append-wrapper {
  overflow: hidden;
}
.el-table--fit {
  border-right: 0;
  border-bottom: 0;
}
.el-table--fit .el-table__cell.gutter {
  border-right-width: 1px;
}
.el-table--scrollable-x .el-table__body-wrapper {
  overflow-x: auto;
}
.el-table--scrollable-y .el-table__body-wrapper {
  overflow-y: auto;
}
.el-table thead {
  font-weight: 500;
  color: #909399;
}
.el-table thead.is-group th.el-table__cell {
  background: #f5f7fa;
}
.el-table .el-table__cell {
  position: relative;
  -webkit-box-sizing: border-box;
  box-sizing: border-box;
  min-width: 0;
  padding: 12px 0;
  text-overflow: ellipsis;
  vertical-align: middle;
  text-align: left;
}
.el-table .el-table__cell.is-center {
  text-align: center;
}
.el-table .el-table__cell.is-right {
  text-align: right;
}
.el-table .el-table__cell.gutter {
  width: 15px;
  padding: 0;
  border-right-width: 0;
  border-bottom-width: 0;
}
.el-table .el-table__cell.is-hidden > * {
  visibility: hidden;
}
.el-table--medium .el-table__cell {
  padding: 10px 0;
}
.el-table--small {
  font-size: 12px;
}
.el-table--small .el-table__cell {
  padding: 8px 0;
}
.el-table--mini {
  font-size: 12px;
}
.el-table--mini .el-table__cell {
  padding: 6px 0;
}
.el-table tr {
  background-color: #fff;
}
.el-table tr input[type="checkbox"] {
  margin: 0;
}
.el-table th.el-table__cell.is-leaf,
.el-table td.el-table__cell {
  border-bottom: 1px solid #ebeef5;
}
.el-table th.el-table__cell.is-sortable {
  cursor: pointer;
}
.el-table th.el-table__cell {
  overflow: hidden;
  -webkit-user-select: none;
  -moz-user-select: none;
  -ms-user-select: none;
  user-select: none;
  background-color: #fff;
}
.el-table th.el-table__cell > .cell {
  position: relative;
  -webkit-box-sizing: border-box;
  box-sizing: border-box;
  display: inline-block;
  width: 100%;
  padding-right: 10px;
  padding-left: 10px;
  vertical-align: middle;
}
.el-table th.el-table__cell > .cell.highlight {
  color: #409eff;
}
.el-table th.el-table__cell.required > div:before {
  display: inline-block;
  width: 8px;
  height: 8px;
  margin-right: 5px;
  vertical-align: middle;
  content: "";
  background: #ff4d51;
  border-radius: 50%;
}
.el-table td.el-table__cell div {
  -webkit-box-sizing: border-box;
  box-sizing: border-box;
}
.el-table td.el-table__cell.gutter {
  width: 0;
}
.el-table .cell {
  -webkit-box-sizing: border-box;
  box-sizing: border-box;
  padding-right: 10px;
  padding-left: 10px;
  overflow: hidden;
  text-overflow: ellipsis;
  line-height: 23px;
  word-break: break-all;
  white-space: normal;
}
.el-table .cell.el-tooltip {
  min-width: 50px;
  white-space: nowrap;
}
.el-table--group,
.el-table--border {
  border: 1px solid #ebeef5;
}
.el-table:before,
.el-table--group:after,
.el-table--border:after {
  position: absolute;
  z-index: 1;
  content: "";
  background-color: #ebeef5;
}
.el-table--group:after,
.el-table--border:after {
  top: 0;
  right: 0;
  width: 1px;
  height: 100%;
}
.el-table:before {
  bottom: 0;
  left: 0;
  width: 100%;
  height: 1px;
}
.el-table--border {
  border-right: none;
  border-bottom: none;
}
.el-table--border.el-loading-parent--relative {
  border-color: transparent;
}
.el-table--border .el-table__cell {
  border-right: 1px solid #ebeef5;
}
.el-table--border .el-table__cell:first-child .cell {
  padding-left: 10px;
}
.el-table--border th.el-table__cell.gutter:last-of-type {
  border-bottom: 1px solid #ebeef5;
  border-bottom-width: 1px;
}
.el-table--border th.el-table__cell {
  border-bottom: 1px solid #ebeef5;
}
.el-table--hidden {
  visibility: hidden;
}
.el-table__fixed,
.el-table__fixed-right {
  position: absolute;
  top: 0;
  left: 0;
  overflow: hidden;
  -webkit-box-shadow: 0 0 10px rgba(0, 0, 0, 0.12);
  box-shadow: 0 0 10px #0000001f;
}
.el-table__fixed:before,
.el-table__fixed-right:before {
  position: absolute;
  bottom: 0;
  left: 0;
  z-index: 4;
  width: 100%;
  height: 1px;
  content: "";
  background-color: #ebeef5;
}
.el-table__fixed-right-patch {
  position: absolute;
  top: -1px;
  right: 0;
  background-color: #fff;
  border-bottom: 1px solid #ebeef5;
}
.el-table__fixed-right {
  top: 0;
  right: 0;
  left: auto;
}
.el-table__fixed-right .el-table__fixed-header-wrapper,
.el-table__fixed-right .el-table__fixed-body-wrapper,
.el-table__fixed-right .el-table__fixed-footer-wrapper {
  right: 0;
  left: auto;
}
.el-table__fixed-header-wrapper {
  position: absolute;
  top: 0;
  left: 0;
  z-index: 3;
}
.el-table__fixed-footer-wrapper {
  position: absolute;
  bottom: 0;
  left: 0;
  z-index: 3;
}
.el-table__fixed-footer-wrapper tbody td.el-table__cell {
  color: #606266;
  background-color: #f5f7fa;
  border-top: 1px solid #ebeef5;
}
.el-table__fixed-body-wrapper {
  position: absolute;
  top: 37px;
  left: 0;
  z-index: 3;
  overflow: hidden;
}
.el-table__header-wrapper,
.el-table__body-wrapper,
.el-table__footer-wrapper {
  width: 100%;
}
.el-table__footer-wrapper {
  margin-top: -1px;
}
.el-table__footer-wrapper td.el-table__cell {
  border-top: 1px solid #ebeef5;
}
.el-table__header,
.el-table__body,
.el-table__footer {
  table-layout: fixed;
  border-collapse: separate;
}
.el-table__header-wrapper,
.el-table__footer-wrapper {
  overflow: hidden;
}
.el-table__header-wrapper tbody td.el-table__cell,
.el-table__footer-wrapper tbody td.el-table__cell {
  color: #606266;
  background-color: #f5f7fa;
}
.el-table__body-wrapper {
  position: relative;
  overflow: hidden;
}
.el-table__body-wrapper.is-scrolling-none ~ .el-table__fixed,
.el-table__body-wrapper.is-scrolling-none ~ .el-table__fixed-right {
  -webkit-box-shadow: none;
  box-shadow: none;
}
.el-table__body-wrapper.is-scrolling-left ~ .el-table__fixed {
  -webkit-box-shadow: none;
  box-shadow: none;
}
.el-table__body-wrapper.is-scrolling-right ~ .el-table__fixed-right {
  -webkit-box-shadow: none;
  box-shadow: none;
}
.el-table__body-wrapper
  .el-table--border.is-scrolling-right
  ~ .el-table__fixed-right {
  border-left: 1px solid #ebeef5;
}
.el-table__body-wrapper .el-table--border.is-scrolling-left ~ .el-table__fixed {
  border-right: 1px solid #ebeef5;
}
.el-table .caret-wrapper {
  position: relative;
  display: -webkit-inline-box;
  display: -ms-inline-flexbox;
  display: inline-flex;
  -webkit-box-orient: vertical;
  -webkit-box-direction: normal;
  -ms-flex-direction: column;
  flex-direction: column;
  -webkit-box-align: center;
  -ms-flex-align: center;
  align-items: center;
  width: 24px;
  height: 34px;
  overflow: initial;
  vertical-align: middle;
  cursor: pointer;
}
.el-table .sort-caret {
  position: absolute;
  left: 7px;
  width: 0;
  height: 0;
  border: solid 5px transparent;
}
.el-table .sort-caret.ascending {
  top: 5px;
  border-bottom-color: #c0c4cc;
}
.el-table .sort-caret.descending {
  bottom: 7px;
  border-top-color: #c0c4cc;
}
.el-table .ascending .sort-caret.ascending {
  border-bottom-color: #409eff;
}
.el-table .descending .sort-caret.descending {
  border-top-color: #409eff;
}
.el-table .hidden-columns {
  position: absolute;
  z-index: -1;
  visibility: hidden;
}
.el-table--striped .el-table__body tr.el-table__row--striped td.el-table__cell {
  background: #fafafa;
}
.el-table--striped
  .el-table__body
  tr.el-table__row--striped.current-row
  td.el-table__cell,
.el-table--striped
  .el-table__body
  tr.el-table__row--striped.selection-row
  td.el-table__cell {
  background-color: #ecf5ff;
}
.el-table__body tr.hover-row > td.el-table__cell,
.el-table__body tr.hover-row.current-row > td.el-table__cell,
.el-table__body tr.hover-row.selection-row > td.el-table__cell,
.el-table__body tr.hover-row.el-table__row--striped > td.el-table__cell,
.el-table__body
  tr.hover-row.el-table__row--striped.current-row
  > td.el-table__cell,
.el-table__body
  tr.hover-row.el-table__row--striped.selection-row
  > td.el-table__cell {
  background-color: #f5f7fa;
}
.el-table__body tr.current-row > td.el-table__cell,
.el-table__body tr.selection-row > td.el-table__cell {
  background-color: #ecf5ff;
}
.el-table__column-resize-proxy {
  position: absolute;
  top: 0;
  bottom: 0;
  left: 200px;
  z-index: 10;
  width: 0;
  border-left: 1px solid #ebeef5;
}
.el-table__column-filter-trigger {
  display: inline-block;
  line-height: 34px;
  cursor: pointer;
}
.el-table__column-filter-trigger i {
  font-size: 12px;
  color: #909399;
  -webkit-transform: scale(0.75);
  transform: scale(0.75);
}
.el-table--enable-row-transition .el-table__body td.el-table__cell {
  -webkit-transition: background-color 0.25s ease;
  transition: background-color 0.25s ease;
}
.el-table--enable-row-hover .el-table__body tr:hover > td.el-table__cell {
  background-color: #f5f7fa;
}
.el-table--fluid-height .el-table__fixed,
.el-table--fluid-height .el-table__fixed-right {
  bottom: 0;
  overflow: hidden;
}
.el-table [class*="el-table__row--level"] .el-table__expand-icon {
  display: inline-block;
  width: 20px;
  height: 20px;
  margin-right: 3px;
  line-height: 20px;
  text-align: center;
}
