@charset "UTF-8";
.el-progress {
  position: relative;
  line-height: 1;
}
.el-progress__text {
  display: inline-block;
  margin-left: 10px;
  font-size: 14px;
  line-height: 1;
  vertical-align: middle;
  color: #606266;
}
.el-progress__text i {
  display: block;
  vertical-align: middle;
}
.el-progress--circle,
.el-progress--dashboard {
  display: inline-block;
}
.el-progress--circle .el-progress__text,
.el-progress--dashboard .el-progress__text {
  position: absolute;
  top: 50%;
  left: 0;
  width: 100%;
  margin: 0;
  text-align: center;
  -webkit-transform: translate(0, -50%);
  transform: translateY(-50%);
}
.el-progress--circle .el-progress__text i,
.el-progress--dashboard .el-progress__text i {
  display: inline-block;
  vertical-align: middle;
}
.el-progress--without-text .el-progress__text {
  display: none;
}
.el-progress--without-text .el-progress-bar {
  display: block;
  padding-right: 0;
  margin-right: 0;
}
.el-progress--text-inside .el-progress-bar {
  padding-right: 0;
  margin-right: 0;
}
.el-progress.is-success .el-progress-bar__inner {
  background-color: #67c23a;
}
.el-progress.is-success .el-progress__text {
  color: #67c23a;
}
.el-progress.is-warning .el-progress-bar__inner {
  background-color: #e6a23c;
}
.el-progress.is-warning .el-progress__text {
  color: #e6a23c;
}
.el-progress.is-exception .el-progress-bar__inner {
  background-color: #f56c6c;
}
.el-progress.is-exception .el-progress__text {
  color: #f56c6c;
}
.el-progress-bar {
  -webkit-box-sizing: border-box;
  box-sizing: border-box;
  display: inline-block;
  width: 100%;
  padding-right: 50px;
  margin-right: -55px;
  vertical-align: middle;
}
.el-progress-bar__outer {
  position: relative;
  height: 6px;
  overflow: hidden;
  vertical-align: middle;
  background-color: #ebeef5;
  border-radius: 100px;
}
.el-progress-bar__inner {
  position: absolute;
  top: 0;
  left: 0;
  height: 100%;
  line-height: 1;
  text-align: right;
  white-space: nowrap;
  background-color: #409eff;
  border-radius: 100px;
  -webkit-transition: width 0.6s ease;
  transition: width 0.6s ease;
}
.el-progress-bar__inner:after {
  display: inline-block;
  height: 100%;
  vertical-align: middle;
  content: "";
}
.el-progress-bar__innerText {
  display: inline-block;
  margin: 0 5px;
  font-size: 12px;
  vertical-align: middle;
  color: #fff;
}
@-webkit-keyframes progress {
  0% {
    background-position: 0 0;
  }
  to {
    background-position: 32px 0;
  }
}
@keyframes progress {
  0% {
    background-position: 0 0;
  }
  to {
    background-position: 32px 0;
  }
}
.el-upload {
  display: inline-block;
  text-align: center;
  cursor: pointer;
  outline: none;
}
.el-upload__input {
  display: none;
}
.el-upload__tip {
  margin-top: 7px;
  font-size: 12px;
  color: #606266;
}
.el-upload iframe {
  position: absolute;
  top: 0;
  left: 0;
  z-index: -1;
  opacity: 0;
  filter: alpha(opacity=0);
}
.el-upload--picture-card {
  -webkit-box-sizing: border-box;
  box-sizing: border-box;
  width: 148px;
  height: 148px;
  line-height: 146px;
  vertical-align: top;
  cursor: pointer;
  background-color: #fbfdff;
  border: 1px dashed #c0ccda;
  border-radius: 6px;
}
.el-upload--picture-card i {
  font-size: 28px;
  color: #8c939d;
}
.el-upload--picture-card:hover {
  color: #409eff;
  border-color: #409eff;
}
.el-upload:focus {
  color: #409eff;
  border-color: #409eff;
}
.el-upload:focus .el-upload-dragger {
  border-color: #409eff;
}
.el-upload-dragger {
  position: relative;
  -webkit-box-sizing: border-box;
  box-sizing: border-box;
  width: 360px;
  height: 180px;
  overflow: hidden;
  text-align: center;
  cursor: pointer;
  background-color: #fff;
  border: 1px dashed #d9d9d9;
  border-radius: 6px;
}
.el-upload-dragger .el-icon-upload {
  margin: 40px 0 16px;
  font-size: 67px;
  line-height: 50px;
  color: #c0c4cc;
}
.el-upload-dragger + .el-upload__tip {
  text-align: center;
}
.el-upload-dragger ~ .el-upload__files {
  padding-top: 5px;
  margin-top: 7px;
  border-top: 1px solid #dcdfe6;
}
.el-upload-dragger .el-upload__text {
  font-size: 14px;
  color: #606266;
  text-align: center;
}
.el-upload-dragger .el-upload__text em {
  font-style: normal;
  color: #409eff;
}
.el-upload-dragger:hover {
  border-color: #409eff;
}
.el-upload-dragger.is-dragover {
  background-color: #209fff0f;
  border: 2px dashed #409eff;
}
.el-upload-list {
  padding: 0;
  margin: 0;
  list-style: none;
}
.el-upload-list__item {
  position: relative;
  -webkit-box-sizing: border-box;
  box-sizing: border-box;
  width: 100%;
  margin-top: 5px;
  font-size: 14px;
  line-height: 1.8;
  color: #606266;
  border-radius: 4px;
  -webkit-transition: all 0.5s cubic-bezier(0.55, 0, 0.1, 1);
  transition: all 0.5s cubic-bezier(0.55, 0, 0.1, 1);
}
.el-upload-list__item .el-progress {
  position: absolute;
  top: 20px;
  width: 100%;
}
.el-upload-list__item .el-progress__text {
  position: absolute;
  top: -13px;
  right: 0;
}
.el-upload-list__item .el-progress-bar {
  padding-right: 0;
  margin-right: 0;
}
.el-upload-list__item:first-child {
  margin-top: 10px;
}
.el-upload-list__item .el-icon-upload-success {
  color: #67c23a;
}
.el-upload-list__item .el-icon-close {
  position: absolute;
  top: 5px;
  right: 5px;
  display: none;
  color: #606266;
  cursor: pointer;
  opacity: 0.75;
}
.el-upload-list__item .el-icon-close:hover {
  opacity: 1;
}
.el-upload-list__item .el-icon-close-tip {
  position: absolute;
  top: 5px;
  right: 5px;
  display: none;
  font-size: 12px;
  color: #409eff;
  cursor: pointer;
  opacity: 1;
}
.el-upload-list__item:hover {
  background-color: #f5f7fa;
}
.el-upload-list__item:hover .el-icon-close {
  display: inline-block;
}
.el-upload-list__item:hover .el-progress__text {
  display: none;
}
.el-upload-list__item.is-success .el-upload-list__item-status-label {
  display: block;
}
.el-upload-list__item.is-success .el-upload-list__item-name:hover,
.el-upload-list__item.is-success .el-upload-list__item-name:focus {
  color: #409eff;
  cursor: pointer;
}
.el-upload-list__item.is-success:focus:not(:hover) .el-icon-close-tip {
  display: inline-block;
}
.el-upload-list__item.is-success:not(.focusing):focus,
.el-upload-list__item.is-success:active {
  outline-width: 0;
}
.el-upload-list__item.is-success:not(.focusing):focus .el-icon-close-tip,
.el-upload-list__item.is-success:active .el-icon-close-tip {
  display: none;
}
.el-upload-list__item.is-success:hover .el-upload-list__item-status-label,
.el-upload-list__item.is-success:focus .el-upload-list__item-status-label {
  display: none;
}
.el-upload-list.is-disabled
  .el-upload-list__item:hover
  .el-upload-list__item-status-label {
  display: block;
}
.el-upload-list__item-name {
  display: block;
  padding-left: 4px;
  margin-right: 40px;
  overflow: hidden;
  text-overflow: ellipsis;
  color: #606266;
  white-space: nowrap;
  -webkit-transition: color 0.3s;
  transition: color 0.3s;
}
.el-upload-list__item-name [class^="el-icon"] {
  height: 100%;
  margin-right: 7px;
  line-height: inherit;
  color: #909399;
}
.el-upload-list__item-status-label {
  position: absolute;
  top: 0;
  right: 5px;
  display: none;
  line-height: inherit;
}
.el-upload-list__item-delete {
  position: absolute;
  top: 0;
  right: 10px;
  display: none;
  font-size: 12px;
  color: #606266;
}
.el-upload-list__item-delete:hover {
  color: #409eff;
}
.el-upload-list--picture-card {
  display: inline;
  margin: 0;
  vertical-align: top;
}
.el-upload-list--picture-card .el-upload-list__item {
  -webkit-box-sizing: border-box;
  box-sizing: border-box;
  display: inline-block;
  width: 148px;
  height: 148px;
  margin: 0 8px 8px 0;
  overflow: hidden;
  background-color: #fff;
  border: 1px solid #c0ccda;
  border-radius: 6px;
}
.el-upload-list--picture-card .el-upload-list__item .el-icon-check,
.el-upload-list--picture-card .el-upload-list__item .el-icon-circle-check {
  color: #fff;
}
.el-upload-list--picture-card .el-upload-list__item .el-icon-close,
.el-upload-list--picture-card
  .el-upload-list__item:hover
  .el-upload-list__item-status-label {
  display: none;
}
.el-upload-list--picture-card .el-upload-list__item:hover .el-progress__text {
  display: block;
}
.el-upload-list--picture-card .el-upload-list__item-name {
  display: none;
}
.el-upload-list--picture-card .el-upload-list__item-thumbnail {
  width: 100%;
  height: 100%;
}
.el-upload-list--picture-card .el-upload-list__item-status-label {
  position: absolute;
  top: -6px;
  right: -15px;
  width: 40px;
  height: 24px;
  text-align: center;
  background: #13ce66;
  -webkit-box-shadow: 0 0 1pc 1px rgba(0, 0, 0, 0.2);
  box-shadow: 0 0 1pc 1px #0003;
  -webkit-transform: rotate(45deg);
  transform: rotate(45deg);
}
.el-upload-list--picture-card .el-upload-list__item-status-label i {
  margin-top: 11px;
  font-size: 12px;
  -webkit-transform: rotate(-45deg);
  transform: rotate(-45deg);
}
.el-upload-list--picture-card .el-upload-list__item-actions {
  position: absolute;
  top: 0;
  left: 0;
  width: 100%;
  height: 100%;
  font-size: 20px;
  color: #fff;
  text-align: center;
  cursor: default;
  background-color: #00000080;
  opacity: 0;
  -webkit-transition: opacity 0.3s;
  transition: opacity 0.3s;
}
.el-upload-list--picture-card .el-upload-list__item-actions:after {
  display: inline-block;
  height: 100%;
  vertical-align: middle;
  content: "";
}
.el-upload-list--picture-card .el-upload-list__item-actions span {
  display: none;
  cursor: pointer;
}
.el-upload-list--picture-card .el-upload-list__item-actions span + span {
  margin-left: 15px;
}
.el-upload-list--picture-card
  .el-upload-list__item-actions
  .el-upload-list__item-delete {
  position: static;
  font-size: inherit;
  color: inherit;
}
.el-upload-list--picture-card .el-upload-list__item-actions:hover {
  opacity: 1;
}
.el-upload-list--picture-card .el-upload-list__item-actions:hover span {
  display: inline-block;
}
.el-upload-list--picture-card .el-progress {
  top: 50%;
  bottom: auto;
  left: 50%;
  width: 126px;
  -webkit-transform: translate(-50%, -50%);
  transform: translate(-50%, -50%);
}
.el-upload-list--picture-card .el-progress .el-progress__text {
  top: 50%;
}
.el-upload-list--picture .el-upload-list__item {
  z-index: 0;
  -webkit-box-sizing: border-box;
  box-sizing: border-box;
  height: 92px;
  padding: 10px 10px 10px 90px;
  margin-top: 10px;
  overflow: hidden;
  background-color: #fff;
  border: 1px solid #c0ccda;
  border-radius: 6px;
}
.el-upload-list--picture .el-upload-list__item .el-icon-check,
.el-upload-list--picture .el-upload-list__item .el-icon-circle-check {
  color: #fff;
}
.el-upload-list--picture
  .el-upload-list__item:hover
  .el-upload-list__item-status-label {
  top: -2px;
  right: -12px;
  background: transparent;
  -webkit-box-shadow: none;
  box-shadow: none;
}
.el-upload-list--picture .el-upload-list__item:hover .el-progress__text {
  display: block;
}
.el-upload-list--picture
  .el-upload-list__item.is-success
  .el-upload-list__item-name {
  margin-top: 0;
  line-height: 70px;
}
.el-upload-list--picture
  .el-upload-list__item.is-success
  .el-upload-list__item-name
  i {
  display: none;
}
.el-upload-list--picture .el-upload-list__item-thumbnail {
  position: relative;
  z-index: 1;
  float: left;
  display: inline-block;
  width: 70px;
  height: 70px;
  margin-left: -80px;
  vertical-align: middle;
  background-color: #fff;
}
.el-upload-list--picture .el-upload-list__item-name {
  display: block;
  margin-top: 20px;
}
.el-upload-list--picture .el-upload-list__item-name i {
  position: absolute;
  top: 10px;
  left: 9px;
  font-size: 70px;
  line-height: 1;
}
.el-upload-list--picture .el-upload-list__item-status-label {
  position: absolute;
  top: -7px;
  right: -17px;
  width: 46px;
  height: 26px;
  text-align: center;
  background: #13ce66;
  -webkit-box-shadow: 0 1px 1px #ccc;
  box-shadow: 0 1px 1px #ccc;
  -webkit-transform: rotate(45deg);
  transform: rotate(45deg);
}
.el-upload-list--picture .el-upload-list__item-status-label i {
  margin-top: 12px;
  font-size: 12px;
  -webkit-transform: rotate(-45deg);
  transform: rotate(-45deg);
}
.el-upload-list--picture .el-progress {
  position: relative;
  top: -7px;
}
.el-upload-cover {
  position: absolute;
  top: 0;
  left: 0;
  z-index: 10;
  width: 100%;
  height: 100%;
  overflow: hidden;
  cursor: default;
}
.el-upload-cover:after {
  display: inline-block;
  height: 100%;
  vertical-align: middle;
  content: "";
}
.el-upload-cover img {
  display: block;
  width: 100%;
  height: 100%;
}
.el-upload-cover__label {
  position: absolute;
  top: -6px;
  right: -15px;
  width: 40px;
  height: 24px;
  text-align: center;
  background: #13ce66;
  -webkit-box-shadow: 0 0 1pc 1px rgba(0, 0, 0, 0.2);
  box-shadow: 0 0 1pc 1px #0003;
  -webkit-transform: rotate(45deg);
  transform: rotate(45deg);
}
.el-upload-cover__label i {
  margin-top: 11px;
  font-size: 12px;
  color: #fff;
  -webkit-transform: rotate(-45deg);
  transform: rotate(-45deg);
}
.el-upload-cover__progress {
  position: static;
  display: inline-block;
  width: 243px;
  vertical-align: middle;
}
.el-upload-cover__progress + .el-upload__inner {
  opacity: 0;
}
.el-upload-cover__content {
  position: absolute;
  top: 0;
  left: 0;
  width: 100%;
  height: 100%;
}
.el-upload-cover__interact {
  position: absolute;
  bottom: 0;
  left: 0;
  width: 100%;
  height: 100%;
  text-align: center;
  background-color: #000000b8;
}
.el-upload-cover__interact .btn {
  display: inline-block;
  margin-top: 60px;
  font-size: 14px;
  vertical-align: middle;
  color: #fff;
  cursor: pointer;
  -webkit-transition:
    opacity 0.3s cubic-bezier(0.23, 1, 0.32, 1),
    -webkit-transform 0.3s cubic-bezier(0.23, 1, 0.32, 1);
  transition:
    opacity 0.3s cubic-bezier(0.23, 1, 0.32, 1),
    -webkit-transform 0.3s cubic-bezier(0.23, 1, 0.32, 1);
  transition:
    transform 0.3s cubic-bezier(0.23, 1, 0.32, 1),
    opacity 0.3s cubic-bezier(0.23, 1, 0.32, 1);
  transition:
    transform 0.3s cubic-bezier(0.23, 1, 0.32, 1),
    opacity 0.3s cubic-bezier(0.23, 1, 0.32, 1),
    -webkit-transform 0.3s cubic-bezier(0.23, 1, 0.32, 1);
}
.el-upload-cover__interact .btn span {
  opacity: 0;
  -webkit-transition: opacity 0.15s linear;
  transition: opacity 0.15s linear;
}
.el-upload-cover__interact .btn:not(:first-child) {
  margin-left: 35px;
}
.el-upload-cover__interact .btn:hover {
  -webkit-transform: translateY(-13px);
  transform: translateY(-13px);
}
.el-upload-cover__interact .btn:hover span {
  opacity: 1;
}
.el-upload-cover__interact .btn i {
  display: block;
  margin: 0 auto 5px;
  font-size: 24px;
  line-height: inherit;
  color: #fff;
}
.el-upload-cover__title {
  position: absolute;
  bottom: 0;
  left: 0;
  width: 100%;
  height: 36px;
  padding: 0 10px;
  margin: 0;
  overflow: hidden;
  text-overflow: ellipsis;
  font-size: 14px;
  font-weight: 400;
  line-height: 36px;
  color: #303133;
  text-align: left;
  white-space: nowrap;
  background-color: #fff;
}
.el-upload-cover + .el-upload__inner {
  position: relative;
  z-index: 1;
  opacity: 0;
}
